Archive member included to satisfy reference by file (symbol)

C:/ST/STM32CubeIDE_1.16.1/STM32CubeIDE/plugins/com.st.stm32cube.ide.mcu.externaltools.gnu-tools-for-stm32.12.3.rel1.win32_1.0.200.202406191623/tools/bin/../lib/gcc/arm-none-eabi/12.3.1/../../../../arm-none-eabi/lib/thumb/v7e-m+fp/hard\libc_nano.a(libc_a-exit.o)
                              C:/ST/STM32CubeIDE_1.16.1/STM32CubeIDE/plugins/com.st.stm32cube.ide.mcu.externaltools.gnu-tools-for-stm32.12.3.rel1.win32_1.0.200.202406191623/tools/bin/../lib/gcc/arm-none-eabi/12.3.1/../../../../arm-none-eabi/lib/thumb/v7e-m+fp/hard/crt0.o (exit)
C:/ST/STM32CubeIDE_1.16.1/STM32CubeIDE/plugins/com.st.stm32cube.ide.mcu.externaltools.gnu-tools-for-stm32.12.3.rel1.win32_1.0.200.202406191623/tools/bin/../lib/gcc/arm-none-eabi/12.3.1/../../../../arm-none-eabi/lib/thumb/v7e-m+fp/hard\libc_nano.a(libc_a-findfp.o)
                              C:/ST/STM32CubeIDE_1.16.1/STM32CubeIDE/plugins/com.st.stm32cube.ide.mcu.externaltools.gnu-tools-for-stm32.12.3.rel1.win32_1.0.200.202406191623/tools/bin/../lib/gcc/arm-none-eabi/12.3.1/../../../../arm-none-eabi/lib/thumb/v7e-m+fp/hard\libc_nano.a(libc_a-exit.o) (__stdio_exit_handler)
C:/ST/STM32CubeIDE_1.16.1/STM32CubeIDE/plugins/com.st.stm32cube.ide.mcu.externaltools.gnu-tools-for-stm32.12.3.rel1.win32_1.0.200.202406191623/tools/bin/../lib/gcc/arm-none-eabi/12.3.1/../../../../arm-none-eabi/lib/thumb/v7e-m+fp/hard\libc_nano.a(libc_a-fwalk.o)
                              C:/ST/STM32CubeIDE_1.16.1/STM32CubeIDE/plugins/com.st.stm32cube.ide.mcu.externaltools.gnu-tools-for-stm32.12.3.rel1.win32_1.0.200.202406191623/tools/bin/../lib/gcc/arm-none-eabi/12.3.1/../../../../arm-none-eabi/lib/thumb/v7e-m+fp/hard\libc_nano.a(libc_a-findfp.o) (_fwalk_sglue)
C:/ST/STM32CubeIDE_1.16.1/STM32CubeIDE/plugins/com.st.stm32cube.ide.mcu.externaltools.gnu-tools-for-stm32.12.3.rel1.win32_1.0.200.202406191623/tools/bin/../lib/gcc/arm-none-eabi/12.3.1/../../../../arm-none-eabi/lib/thumb/v7e-m+fp/hard\libc_nano.a(libc_a-stdio.o)
                              C:/ST/STM32CubeIDE_1.16.1/STM32CubeIDE/plugins/com.st.stm32cube.ide.mcu.externaltools.gnu-tools-for-stm32.12.3.rel1.win32_1.0.200.202406191623/tools/bin/../lib/gcc/arm-none-eabi/12.3.1/../../../../arm-none-eabi/lib/thumb/v7e-m+fp/hard\libc_nano.a(libc_a-findfp.o) (__sread)
C:/ST/STM32CubeIDE_1.16.1/STM32CubeIDE/plugins/com.st.stm32cube.ide.mcu.externaltools.gnu-tools-for-stm32.12.3.rel1.win32_1.0.200.202406191623/tools/bin/../lib/gcc/arm-none-eabi/12.3.1/../../../../arm-none-eabi/lib/thumb/v7e-m+fp/hard\libc_nano.a(libc_a-memset.o)
                              C:/ST/STM32CubeIDE_1.16.1/STM32CubeIDE/plugins/com.st.stm32cube.ide.mcu.externaltools.gnu-tools-for-stm32.12.3.rel1.win32_1.0.200.202406191623/tools/bin/../lib/gcc/arm-none-eabi/12.3.1/../../../../arm-none-eabi/lib/thumb/v7e-m+fp/hard/crt0.o (memset)
C:/ST/STM32CubeIDE_1.16.1/STM32CubeIDE/plugins/com.st.stm32cube.ide.mcu.externaltools.gnu-tools-for-stm32.12.3.rel1.win32_1.0.200.202406191623/tools/bin/../lib/gcc/arm-none-eabi/12.3.1/../../../../arm-none-eabi/lib/thumb/v7e-m+fp/hard\libc_nano.a(libc_a-closer.o)
                              C:/ST/STM32CubeIDE_1.16.1/STM32CubeIDE/plugins/com.st.stm32cube.ide.mcu.externaltools.gnu-tools-for-stm32.12.3.rel1.win32_1.0.200.202406191623/tools/bin/../lib/gcc/arm-none-eabi/12.3.1/../../../../arm-none-eabi/lib/thumb/v7e-m+fp/hard\libc_nano.a(libc_a-stdio.o) (_close_r)
C:/ST/STM32CubeIDE_1.16.1/STM32CubeIDE/plugins/com.st.stm32cube.ide.mcu.externaltools.gnu-tools-for-stm32.12.3.rel1.win32_1.0.200.202406191623/tools/bin/../lib/gcc/arm-none-eabi/12.3.1/../../../../arm-none-eabi/lib/thumb/v7e-m+fp/hard\libc_nano.a(libc_a-reent.o)
                              C:/ST/STM32CubeIDE_1.16.1/STM32CubeIDE/plugins/com.st.stm32cube.ide.mcu.externaltools.gnu-tools-for-stm32.12.3.rel1.win32_1.0.200.202406191623/tools/bin/../lib/gcc/arm-none-eabi/12.3.1/../../../../arm-none-eabi/lib/thumb/v7e-m+fp/hard\libc_nano.a(libc_a-closer.o) (errno)
C:/ST/STM32CubeIDE_1.16.1/STM32CubeIDE/plugins/com.st.stm32cube.ide.mcu.externaltools.gnu-tools-for-stm32.12.3.rel1.win32_1.0.200.202406191623/tools/bin/../lib/gcc/arm-none-eabi/12.3.1/../../../../arm-none-eabi/lib/thumb/v7e-m+fp/hard\libc_nano.a(libc_a-impure.o)
                              C:/ST/STM32CubeIDE_1.16.1/STM32CubeIDE/plugins/com.st.stm32cube.ide.mcu.externaltools.gnu-tools-for-stm32.12.3.rel1.win32_1.0.200.202406191623/tools/bin/../lib/gcc/arm-none-eabi/12.3.1/../../../../arm-none-eabi/lib/thumb/v7e-m+fp/hard\libc_nano.a(libc_a-reent.o) (_impure_ptr)
C:/ST/STM32CubeIDE_1.16.1/STM32CubeIDE/plugins/com.st.stm32cube.ide.mcu.externaltools.gnu-tools-for-stm32.12.3.rel1.win32_1.0.200.202406191623/tools/bin/../lib/gcc/arm-none-eabi/12.3.1/../../../../arm-none-eabi/lib/thumb/v7e-m+fp/hard\libc_nano.a(libc_a-lseekr.o)
[...]
Memory Configuration

Name             Origin             Length             Attributes
CCMRAM           0x10000000         0x00010000         xrw
RAM              0x20000000         0x00020000         xrw
FLASH            0x08000000         0x00100000         xr
*default*        0x00000000         0xffffffff

Linker script and memory map

LOAD C:/ST/STM32CubeIDE_1.16.1/STM32CubeIDE/plugins/com.st.stm32cube.ide.mcu.externaltools.gnu-tools-for-stm32.12.3.rel1.win32_1.0.200.202406191623/tools/bin/../lib/gcc/arm-none-eabi/12.3.1/thumb/v7e-m+fp/hard/crti.o
LOAD C:/ST/STM32CubeIDE_1.16.1/STM32CubeIDE/plugins/com.st.stm32cube.ide.mcu.externaltools.gnu-tools-for-stm32.12.3.rel1.win32_1.0.200.202406191623/tools/bin/../lib/gcc/arm-none-eabi/12.3.1/thumb/v7e-m+fp/hard/crtbegin.o
LOAD C:/ST/STM32CubeIDE_1.16.1/STM32CubeIDE/plugins/com.st.stm32cube.ide.mcu.externaltools.gnu-tools-for-stm32.12.3.rel1.win32_1.0.200.202406191623/tools/bin/../lib/gcc/arm-none-eabi/12.3.1/../../../../arm-none-eabi/lib/thumb/v7e-m+fp/hard/crt0.o
LOAD ./Core/Src/main.o
LOAD ./Core/Src/stm32f4xx_hal_msp.o
LOAD ./Core/Src/stm32f4xx_it.o
LOAD ./Core/Src/syscalls.o
LOAD ./Core/Src/sysmem.o
LOAD ./Core/Src/system_stm32f4xx.o
LOAD ./Core/Startup/startup_stm32f407vgtx.o
LOAD ./Drivers/CMSIS/DSP_DRIVERS/Source/BasicMathFunctions/BasicMathFunctionsF16.o
LOAD ./Drivers/CMSIS/DSP_DRIVERS/Source/BasicMathFunctions/arm_abs_f16.o
LOAD ./Drivers/CMSIS/DSP_DRIVERS/Source/BasicMathFunctions/arm_abs_f32.o
LOAD ./Drivers/CMSIS/DSP_DRIVERS/Source/BasicMathFunctions/arm_abs_f64.o
LOAD ./Drivers/CMSIS/DSP_DRIVERS/Source/BasicMathFunctions/arm_abs_q15.o
LOAD ./Drivers/CMSIS/DSP_DRIVERS/Source/BasicMathFunctions/arm_abs_q31.o
LOAD ./Drivers/CMSIS/DSP_DRIVERS/Source/BasicMathFunctions/arm_abs_q7.o
LOAD ./Drivers/CMSIS/DSP_DRIVERS/Source/BasicMathFunctions/arm_add_f16.o
LOAD ./Drivers/CMSIS/DSP_DRIVERS/Source/BasicMathFunctions/arm_add_f32.o
LOAD ./Drivers/CMSIS/DSP_DRIVERS/Source/BasicMathFunctions/arm_add_f64.o
LOAD ./Drivers/CMSIS/DSP_DRIVERS/Source/BasicMathFunctions/arm_add_q15.o
LOAD ./Drivers/CMSIS/DSP_DRIVERS/Source/BasicMathFunctions/arm_add_q31.o
LOAD ./Drivers/CMSIS/DSP_DRIVERS/Source/BasicMathFunctions/arm_add_q7.o
LOAD ./Drivers/CMSIS/DSP_DRIVERS/Source/BasicMathFunctions/arm_and_u16.o
LOAD ./Drivers/CMSIS/DSP_DRIVERS/Source/BasicMathFunctions/arm_and_u32.o
LOAD ./Drivers/CMSIS/DSP_DRIVERS/Source/BasicMathFunctions/arm_and_u8.o
LOAD ./Drivers/CMSIS/DSP_DRIVERS/Source/BasicMathFunctions/arm_clip_f16.o
LOAD ./Drivers/CMSIS/DSP_DRIVERS/Source/BasicMathFunctions/arm_clip_f32.o
LOAD ./Drivers/CMSIS/DSP_DRIVERS/Source/BasicMathFunctions/arm_clip_q15.o
LOAD ./Drivers/CMSIS/DSP_DRIVERS/Source/BasicMathFunctions/arm_clip_q31.o
LOAD ./Drivers/CMSIS/DSP_DRIVERS/Source/BasicMathFunctions/arm_clip_q7.o
LOAD ./Drivers/CMSIS/DSP_DRIVERS/Source/BasicMathFunctions/arm_dot_prod_f16.o
LOAD ./Drivers/CMSIS/DSP_DRIVERS/Source/BasicMathFunctions/arm_dot_prod_f32.o
LOAD ./Drivers/CMSIS/DSP_DRIVERS/Source/BasicMathFunctions/arm_dot_prod_f64.o
LOAD ./Drivers/CMSIS/DSP_DRIVERS/Source/BasicMathFunctions/arm_dot_prod_q15.o
LOAD ./Drivers/CMSIS/DSP_DRIVERS/Source/BasicMathFunctions/arm_dot_prod_q31.o
LOAD ./Drivers/CMSIS/DSP_DRIVERS/Source/BasicMathFunctions/arm_dot_prod_q7.o
LOAD ./Drivers/CMSIS/DSP_DRIVERS/Source/BasicMathFunctions/arm_mult_f16.o
LOAD ./Drivers/CMSIS/DSP_DRIVERS/Source/BasicMathFunctions/arm_mult_f32.o
LOAD ./Drivers/CMSIS/DSP_DRIVERS/Source/BasicMathFunctions/arm_mult_f64.o
LOAD ./Drivers/CMSIS/DSP_DRIVERS/Source/BasicMathFunctions/arm_mult_q15.o
LOAD ./Drivers/CMSIS/DSP_DRIVERS/Source/BasicMathFunctions/arm_mult_q31.o
LOAD ./Drivers/CMSIS/DSP_DRIVERS/Source/BasicMathFunctions/arm_mult_q7.o
LOAD ./Drivers/CMSIS/DSP_DRIVERS/Source/BasicMathFunctions/arm_negate_f16.o
LOAD ./Drivers/CMSIS/DSP_DRIVERS/Source/BasicMathFunctions/arm_negate_f32.o
LOAD ./Drivers/CMSIS/DSP_DRIVERS/Source/BasicMathFunctions/arm_negate_f64.o
LOAD ./Drivers/CMSIS/DSP_DRIVERS/Source/BasicMathFunctions/arm_negate_q15.o
LOAD ./Drivers/CMSIS/DSP_DRIVERS/Source/BasicMathFunctions/arm_negate_q31.o
LOAD ./Drivers/CMSIS/DSP_DRIVERS/Source/BasicMathFunctions/arm_negate_q7.o
LOAD ./Drivers/CMSIS/DSP_DRIVERS/Source/BasicMathFunctions/arm_not_u16.o
LOAD ./Drivers/CMSIS/DSP_DRIVERS/Source/BasicMathFunctions/arm_not_u32.o
LOAD ./Drivers/CMSIS/DSP_DRIVERS/Source/BasicMathFunctions/arm_not_u8.o
LOAD ./Drivers/CMSIS/DSP_DRIVERS/Source/BasicMathFunctions/arm_offset_f16.o
LOAD ./Drivers/CMSIS/DSP_DRIVERS/Source/BasicMathFunctions/arm_offset_f32.o
LOAD ./Drivers/CMSIS/DSP_DRIVERS/Source/BasicMathFunctions/arm_offset_f64.o
LOAD ./Drivers/CMSIS/DSP_DRIVERS/Source/BasicMathFunctions/arm_offset_q15.o
LOAD ./Drivers/CMSIS/DSP_DRIVERS/Source/BasicMathFunctions/arm_offset_q31.o
LOAD ./Drivers/CMSIS/DSP_DRIVERS/Source/BasicMathFunctions/arm_offset_q7.o
LOAD ./Drivers/CMSIS/DSP_DRIVERS/Source/BasicMathFunctions/arm_or_u16.o
LOAD ./Drivers/CMSIS/DSP_DRIVERS/Source/BasicMathFunctions/arm_or_u32.o
LOAD ./Drivers/CMSIS/DSP_DRIVERS/Source/BasicMathFunctions/arm_or_u8.o
LOAD ./Drivers/CMSIS/DSP_DRIVERS/Source/BasicMathFunctions/arm_scale_f16.o
LOAD ./Drivers/CMSIS/DSP_DRIVERS/Source/BasicMathFunctions/arm_scale_f32.o
LOAD ./Drivers/CMSIS/DSP_DRIVERS/Source/BasicMathFunctions/arm_scale_f64.o
LOAD ./Drivers/CMSIS/DSP_DRIVERS/Source/BasicMathFunctions/arm_scale_q15.o
LOAD ./Drivers/CMSIS/DSP_DRIVERS/Source/BasicMathFunctions/arm_scale_q31.o
LOAD ./Drivers/CMSIS/DSP_DRIVERS/Source/BasicMathFunctions/arm_scale_q7.o
LOAD ./Drivers/CMSIS/DSP_DRIVERS/Source/BasicMathFunctions/arm_shift_q15.o
LOAD ./Drivers/CMSIS/DSP_DRIVERS/Source/BasicMathFunctions/arm_shift_q31.o
LOAD ./Drivers/CMSIS/DSP_DRIVERS/Source/BasicMathFunctions/arm_shift_q7.o
LOAD ./Drivers/CMSIS/DSP_DRIVERS/Source/BasicMathFunctions/arm_sub_f16.o
LOAD ./Drivers/CMSIS/DSP_DRIVERS/Source/BasicMathFunctions/arm_sub_f32.o
LOAD ./Drivers/CMSIS/DSP_DRIVERS/Source/BasicMathFunctions/arm_sub_f64.o
LOAD ./Drivers/CMSIS/DSP_DRIVERS/Source/BasicMathFunctions/arm_sub_q15.o
LOAD ./Drivers/CMSIS/DSP_DRIVERS/Source/BasicMathFunctions/arm_sub_q31.o
LOAD ./Drivers/CMSIS/DSP_DRIVERS/Source/BasicMathFunctions/arm_sub_q7.o
LOAD ./Drivers/CMSIS/DSP_DRIVERS/Source/BasicMathFunctions/arm_xor_u16.o
LOAD ./Drivers/CMSIS/DSP_DRIVERS/Source/BasicMathFunctions/arm_xor_u32.o
LOAD ./Drivers/CMSIS/DSP_DRIVERS/Source/BasicMathFunctions/arm_xor_u8.o
LOAD ./Drivers/CMSIS/DSP_DRIVERS/Source/BayesFunctions/BayesFunctionsF16.o
LOAD ./Drivers/CMSIS/DSP_DRIVERS/Source/BayesFunctions/arm_gaussian_naive_bayes_predict_f16.o
LOAD ./Drivers/CMSIS/DSP_DRIVERS/Source/BayesFunctions/arm_gaussian_naive_bayes_predict_f32.o
LOAD ./Drivers/CMSIS/DSP_DRIVERS/Source/CommonTables/CommonTablesF16.o
LOAD ./Drivers/CMSIS/DSP_DRIVERS/Source/CommonTables/arm_common_tables.o
LOAD ./Drivers/CMSIS/DSP_DRIVERS/Source/CommonTables/arm_common_tables_f16.o
LOAD ./Drivers/CMSIS/DSP_DRIVERS/Source/CommonTables/arm_const_structs.o
LOAD ./Drivers/CMSIS/DSP_DRIVERS/Source/CommonTables/arm_const_structs_f16.o
LOAD ./Drivers/CMSIS/DSP_DRIVERS/Source/CommonTables/arm_mve_tables.o
LOAD ./Drivers/CMSIS/DSP_DRIVERS/Source/CommonTables/arm_mve_tables_f16.o
LOAD ./Drivers/CMSIS/DSP_DRIVERS/Source/ComplexMathFunctions/ComplexMathFunctionsF16.o
LOAD ./Drivers/CMSIS/DSP_DRIVERS/Source/ComplexMathFunctions/arm_cmplx_conj_f16.o
LOAD ./Drivers/CMSIS/DSP_DRIVERS/Source/ComplexMathFunctions/arm_cmplx_conj_f32.o
LOAD ./Drivers/CMSIS/DSP_DRIVERS/Source/ComplexMathFunctions/arm_cmplx_conj_q15.o
LOAD ./Drivers/CMSIS/DSP_DRIVERS/Source/ComplexMathFunctions/arm_cmplx_conj_q31.o
LOAD ./Drivers/CMSIS/DSP_DRIVERS/Source/ComplexMathFunctions/arm_cmplx_dot_prod_f16.o
LOAD ./Drivers/CMSIS/DSP_DRIVERS/Source/ComplexMathFunctions/arm_cmplx_dot_prod_f32.o
LOAD ./Drivers/CMSIS/DSP_DRIVERS/Source/ComplexMathFunctions/arm_cmplx_dot_prod_q15.o
LOAD ./Drivers/CMSIS/DSP_DRIVERS/Source/ComplexMathFunctions/arm_cmplx_dot_prod_q31.o
LOAD ./Drivers/CMSIS/DSP_DRIVERS/Source/ComplexMathFunctions/arm_cmplx_mag_f16.o
LOAD ./Drivers/CMSIS/DSP_DRIVERS/Source/ComplexMathFunctions/arm_cmplx_mag_f32.o
LOAD ./Drivers/CMSIS/DSP_DRIVERS/Source/ComplexMathFunctions/arm_cmplx_mag_f64.o
LOAD ./Drivers/CMSIS/DSP_DRIVERS/Source/ComplexMathFunctions/arm_cmplx_mag_fast_q15.o
LOAD ./Drivers/CMSIS/DSP_DRIVERS/Source/ComplexMathFunctions/arm_cmplx_mag_q15.o
LOAD ./Drivers/CMSIS/DSP_DRIVERS/Source/ComplexMathFunctions/arm_cmplx_mag_q31.o
LOAD ./Drivers/CMSIS/DSP_DRIVERS/Source/ComplexMathFunctions/arm_cmplx_mag_squared_f16.o
LOAD ./Drivers/CMSIS/DSP_DRIVERS/Source/ComplexMathFunctions/arm_cmplx_mag_squared_f32.o
LOAD ./Drivers/CMSIS/DSP_DRIVERS/Source/ComplexMathFunctions/arm_cmplx_mag_squared_f64.o
LOAD ./Drivers/CMSIS/DSP_DRIVERS/Source/ComplexMathFunctions/arm_cmplx_mag_squared_q15.o
LOAD ./Drivers/CMSIS/DSP_DRIVERS/Source/ComplexMathFunctions/arm_cmplx_mag_squared_q31.o
LOAD ./Drivers/CMSIS/DSP_DRIVERS/Source/ComplexMathFunctions/arm_cmplx_mult_cmplx_f16.o
LOAD ./Drivers/CMSIS/DSP_DRIVERS/Source/ComplexMathFunctions/arm_cmplx_mult_cmplx_f32.o
LOAD ./Drivers/CMSIS/DSP_DRIVERS/Source/ComplexMathFunctions/arm_cmplx_mult_cmplx_f64.o
LOAD ./Drivers/CMSIS/DSP_DRIVERS/Source/ComplexMathFunctions/arm_cmplx_mult_cmplx_q15.o
LOAD ./Drivers/CMSIS/DSP_DRIVERS/Source/ComplexMathFunctions/arm_cmplx_mult_cmplx_q31.o
LOAD ./Drivers/CMSIS/DSP_DRIVERS/Source/ComplexMathFunctions/arm_cmplx_mult_real_f16.o
LOAD ./Drivers/CMSIS/DSP_DRIVERS/Source/ComplexMathFunctions/arm_cmplx_mult_real_f32.o
LOAD ./Drivers/CMSIS/DSP_DRIVERS/Source/ComplexMathFunctions/arm_cmplx_mult_real_q15.o
LOAD ./Drivers/CMSIS/DSP_DRIVERS/Source/ComplexMathFunctions/arm_cmplx_mult_real_q31.o
LOAD ./Drivers/CMSIS/DSP_DRIVERS/Source/ControllerFunctions/arm_pid_init_f32.o
LOAD ./Drivers/CMSIS/DSP_DRIVERS/Source/ControllerFunctions/arm_pid_init_q15.o
LOAD ./Drivers/CMSIS/DSP_DRIVERS/Source/ControllerFunctions/arm_pid_init_q31.o
LOAD ./Drivers/CMSIS/DSP_DRIVERS/Source/ControllerFunctions/arm_pid_reset_f32.o
LOAD ./Drivers/CMSIS/DSP_DRIVERS/Source/ControllerFunctions/arm_pid_reset_q15.o
LOAD ./Drivers/CMSIS/DSP_DRIVERS/Source/ControllerFunctions/arm_pid_reset_q31.o
LOAD ./Drivers/CMSIS/DSP_DRIVERS/Source/ControllerFunctions/arm_sin_cos_f32.o
LOAD ./Drivers/CMSIS/DSP_DRIVERS/Source/ControllerFunctions/arm_sin_cos_q31.o
LOAD ./Drivers/CMSIS/DSP_DRIVERS/Source/DistanceFunctions/DistanceFunctionsF16.o
LOAD ./Drivers/CMSIS/DSP_DRIVERS/Source/DistanceFunctions/arm_boolean_distance.o
LOAD ./Drivers/CMSIS/DSP_DRIVERS/Source/DistanceFunctions/arm_braycurtis_distance_f16.o
LOAD ./Drivers/CMSIS/DSP_DRIVERS/Source/DistanceFunctions/arm_braycurtis_distance_f32.o
LOAD ./Drivers/CMSIS/DSP_DRIVERS/Source/DistanceFunctions/arm_canberra_distance_f16.o
LOAD ./Drivers/CMSIS/DSP_DRIVERS/Source/DistanceFunctions/arm_canberra_distance_f32.o
LOAD ./Drivers/CMSIS/DSP_DRIVERS/Source/DistanceFunctions/arm_chebyshev_distance_f16.o
LOAD ./Drivers/CMSIS/DSP_DRIVERS/Source/DistanceFunctions/arm_chebyshev_distance_f32.o
LOAD ./Drivers/CMSIS/DSP_DRIVERS/Source/DistanceFunctions/arm_chebyshev_distance_f64.o
LOAD ./Drivers/CMSIS/DSP_DRIVERS/Source/DistanceFunctions/arm_cityblock_distance_f16.o
LOAD ./Drivers/CMSIS/DSP_DRIVERS/Source/DistanceFunctions/arm_cityblock_distance_f32.o
LOAD ./Drivers/CMSIS/DSP_DRIVERS/Source/DistanceFunctions/arm_cityblock_distance_f64.o
LOAD ./Drivers/CMSIS/DSP_DRIVERS/Source/DistanceFunctions/arm_correlation_distance_f16.o
LOAD ./Drivers/CMSIS/DSP_DRIVERS/Source/DistanceFunctions/arm_correlation_distance_f32.o
LOAD ./Drivers/CMSIS/DSP_DRIVERS/Source/DistanceFunctions/arm_cosine_distance_f16.o
LOAD ./Drivers/CMSIS/DSP_DRIVERS/Source/DistanceFunctions/arm_cosine_distance_f32.o
LOAD ./Drivers/CMSIS/DSP_DRIVERS/Source/DistanceFunctions/arm_cosine_distance_f64.o
LOAD ./Drivers/CMSIS/DSP_DRIVERS/Source/DistanceFunctions/arm_dice_distance.o
LOAD ./Drivers/CMSIS/DSP_DRIVERS/Source/DistanceFunctions/arm_euclidean_distance_f16.o
LOAD ./Drivers/CMSIS/DSP_DRIVERS/Source/DistanceFunctions/arm_euclidean_distance_f32.o
LOAD ./Drivers/CMSIS/DSP_DRIVERS/Source/DistanceFunctions/arm_euclidean_distance_f64.o
LOAD ./Drivers/CMSIS/DSP_DRIVERS/Source/DistanceFunctions/arm_hamming_distance.o
LOAD ./Drivers/CMSIS/DSP_DRIVERS/Source/DistanceFunctions/arm_jaccard_distance.o
LOAD ./Drivers/CMSIS/DSP_DRIVERS/Source/DistanceFunctions/arm_jensenshannon_distance_f16.o
LOAD ./Drivers/CMSIS/DSP_DRIVERS/Source/DistanceFunctions/arm_jensenshannon_distance_f32.o
LOAD ./Drivers/CMSIS/DSP_DRIVERS/Source/DistanceFunctions/arm_kulsinski_distance.o
LOAD ./Drivers/CMSIS/DSP_DRIVERS/Source/DistanceFunctions/arm_minkowski_distance_f16.o
LOAD ./Drivers/CMSIS/DSP_DRIVERS/Source/DistanceFunctions/arm_minkowski_distance_f32.o
LOAD ./Drivers/CMSIS/DSP_DRIVERS/Source/DistanceFunctions/arm_rogerstanimoto_distance.o
LOAD ./Drivers/CMSIS/DSP_DRIVERS/Source/DistanceFunctions/arm_russellrao_distance.o
LOAD ./Drivers/CMSIS/DSP_DRIVERS/Source/DistanceFunctions/arm_sokalmichener_distance.o
LOAD ./Drivers/CMSIS/DSP_DRIVERS/Source/DistanceFunctions/arm_sokalsneath_distance.o
LOAD ./Drivers/CMSIS/DSP_DRIVERS/Source/DistanceFunctions/arm_yule_distance.o
LOAD ./Drivers/CMSIS/DSP_DRIVERS/Source/FastMathFunctions/FastMathFunctionsF16.o
LOAD ./Drivers/CMSIS/DSP_DRIVERS/Source/FastMathFunctions/arm_atan2_f16.o
LOAD ./Drivers/CMSIS/DSP_DRIVERS/Source/FastMathFunctions/arm_atan2_f32.o
LOAD ./Drivers/CMSIS/DSP_DRIVERS/Source/FastMathFunctions/arm_atan2_q15.o
LOAD ./Drivers/CMSIS/DSP_DRIVERS/Source/FastMathFunctions/arm_atan2_q31.o
LOAD ./Drivers/CMSIS/DSP_DRIVERS/Source/FastMathFunctions/arm_cos_f32.o
LOAD ./Drivers/CMSIS/DSP_DRIVERS/Source/FastMathFunctions/arm_cos_q15.o
LOAD ./Drivers/CMSIS/DSP_DRIVERS/Source/FastMathFunctions/arm_cos_q31.o
LOAD ./Drivers/CMSIS/DSP_DRIVERS/Source/FastMathFunctions/arm_divide_q15.o
LOAD ./Drivers/CMSIS/DSP_DRIVERS/Source/FastMathFunctions/arm_divide_q31.o
LOAD ./Drivers/CMSIS/DSP_DRIVERS/Source/FastMathFunctions/arm_sin_f32.o
LOAD ./Drivers/CMSIS/DSP_DRIVERS/Source/FastMathFunctions/arm_sin_q15.o
LOAD ./Drivers/CMSIS/DSP_DRIVERS/Source/FastMathFunctions/arm_sin_q31.o
LOAD ./Drivers/CMSIS/DSP_DRIVERS/Source/FastMathFunctions/arm_sqrt_q15.o
LOAD ./Drivers/CMSIS/DSP_DRIVERS/Source/FastMathFunctions/arm_sqrt_q31.o
LOAD ./Drivers/CMSIS/DSP_DRIVERS/Source/FastMathFunctions/arm_vexp_f16.o
LOAD ./Drivers/CMSIS/DSP_DRIVERS/Source/FastMathFunctions/arm_vexp_f32.o
LOAD ./Drivers/CMSIS/DSP_DRIVERS/Source/FastMathFunctions/arm_vexp_f64.o
LOAD ./Drivers/CMSIS/DSP_DRIVERS/Source/FastMathFunctions/arm_vinverse_f16.o
LOAD ./Drivers/CMSIS/DSP_DRIVERS/Source/FastMathFunctions/arm_vlog_f16.o
LOAD ./Drivers/CMSIS/DSP_DRIVERS/Source/FastMathFunctions/arm_vlog_f32.o
LOAD ./Drivers/CMSIS/DSP_DRIVERS/Source/FastMathFunctions/arm_vlog_f64.o
LOAD ./Drivers/CMSIS/DSP_DRIVERS/Source/FastMathFunctions/arm_vlog_q15.o
LOAD ./Drivers/CMSIS/DSP_DRIVERS/Source/FastMathFunctions/arm_vlog_q31.o
LOAD ./Drivers/CMSIS/DSP_DRIVERS/Source/FilteringFunctions/FilteringFunctionsF16.o
LOAD ./Drivers/CMSIS/DSP_DRIVERS/Source/FilteringFunctions/arm_biquad_cascade_df1_32x64_init_q31.o
LOAD ./Drivers/CMSIS/DSP_DRIVERS/Source/FilteringFunctions/arm_biquad_cascade_df1_32x64_q31.o
LOAD ./Drivers/CMSIS/DSP_DRIVERS/Source/FilteringFunctions/arm_biquad_cascade_df1_f16.o
LOAD ./Drivers/CMSIS/DSP_DRIVERS/Source/FilteringFunctions/arm_biquad_cascade_df1_f32.o
LOAD ./Drivers/CMSIS/DSP_DRIVERS/Source/FilteringFunctions/arm_biquad_cascade_df1_fast_q15.o
LOAD ./Drivers/CMSIS/DSP_DRIVERS/Source/FilteringFunctions/arm_biquad_cascade_df1_fast_q31.o
LOAD ./Drivers/CMSIS/DSP_DRIVERS/Source/FilteringFunctions/arm_biquad_cascade_df1_init_f16.o
LOAD ./Drivers/CMSIS/DSP_DRIVERS/Source/FilteringFunctions/arm_biquad_cascade_df1_init_f32.o
LOAD ./Drivers/CMSIS/DSP_DRIVERS/Source/FilteringFunctions/arm_biquad_cascade_df1_init_q15.o
LOAD ./Drivers/CMSIS/DSP_DRIVERS/Source/FilteringFunctions/arm_biquad_cascade_df1_init_q31.o
LOAD ./Drivers/CMSIS/DSP_DRIVERS/Source/FilteringFunctions/arm_biquad_cascade_df1_q15.o
LOAD ./Drivers/CMSIS/DSP_DRIVERS/Source/FilteringFunctions/arm_biquad_cascade_df1_q31.o
LOAD ./Drivers/CMSIS/DSP_DRIVERS/Source/FilteringFunctions/arm_biquad_cascade_df2T_f16.o
LOAD ./Drivers/CMSIS/DSP_DRIVERS/Source/FilteringFunctions/arm_biquad_cascade_df2T_f32.o
LOAD ./Drivers/CMSIS/DSP_DRIVERS/Source/FilteringFunctions/arm_biquad_cascade_df2T_f64.o
LOAD ./Drivers/CMSIS/DSP_DRIVERS/Source/FilteringFunctions/arm_biquad_cascade_df2T_init_f16.o
LOAD ./Drivers/CMSIS/DSP_DRIVERS/Source/FilteringFunctions/arm_biquad_cascade_df2T_init_f32.o
LOAD ./Drivers/CMSIS/DSP_DRIVERS/Source/FilteringFunctions/arm_biquad_cascade_df2T_init_f64.o
LOAD ./Drivers/CMSIS/DSP_DRIVERS/Source/FilteringFunctions/arm_biquad_cascade_stereo_df2T_f16.o
LOAD ./Drivers/CMSIS/DSP_DRIVERS/Source/FilteringFunctions/arm_biquad_cascade_stereo_df2T_f32.o
LOAD ./Drivers/CMSIS/DSP_DRIVERS/Source/FilteringFunctions/arm_biquad_cascade_stereo_df2T_init_f16.o
LOAD ./Drivers/CMSIS/DSP_DRIVERS/Source/FilteringFunctions/arm_biquad_cascade_stereo_df2T_init_f32.o
LOAD ./Drivers/CMSIS/DSP_DRIVERS/Source/FilteringFunctions/arm_conv_f32.o
LOAD ./Drivers/CMSIS/DSP_DRIVERS/Source/FilteringFunctions/arm_conv_fast_opt_q15.o
LOAD ./Drivers/CMSIS/DSP_DRIVERS/Source/FilteringFunctions/arm_conv_fast_q15.o
LOAD ./Drivers/CMSIS/DSP_DRIVERS/Source/FilteringFunctions/arm_conv_fast_q31.o
LOAD ./Drivers/CMSIS/DSP_DRIVERS/Source/FilteringFunctions/arm_conv_opt_q15.o
LOAD ./Drivers/CMSIS/DSP_DRIVERS/Source/FilteringFunctions/arm_conv_opt_q7.o
LOAD ./Drivers/CMSIS/DSP_DRIVERS/Source/FilteringFunctions/arm_conv_partial_f32.o
LOAD ./Drivers/CMSIS/DSP_DRIVERS/Source/FilteringFunctions/arm_conv_partial_fast_opt_q15.o
LOAD ./Drivers/CMSIS/DSP_DRIVERS/Source/FilteringFunctions/arm_conv_partial_fast_q15.o
LOAD ./Drivers/CMSIS/DSP_DRIVERS/Source/FilteringFunctions/arm_conv_partial_fast_q31.o
LOAD ./Drivers/CMSIS/DSP_DRIVERS/Source/FilteringFunctions/arm_conv_partial_opt_q15.o
LOAD ./Drivers/CMSIS/DSP_DRIVERS/Source/FilteringFunctions/arm_conv_partial_opt_q7.o
LOAD ./Drivers/CMSIS/DSP_DRIVERS/Source/FilteringFunctions/arm_conv_partial_q15.o
LOAD ./Drivers/CMSIS/DSP_DRIVERS/Source/FilteringFunctions/arm_conv_partial_q31.o
LOAD ./Drivers/CMSIS/DSP_DRIVERS/Source/FilteringFunctions/arm_conv_partial_q7.o
LOAD ./Drivers/CMSIS/DSP_DRIVERS/Source/FilteringFunctions/arm_conv_q15.o
LOAD ./Drivers/CMSIS/DSP_DRIVERS/Source/FilteringFunctions/arm_conv_q31.o
LOAD ./Drivers/CMSIS/DSP_DRIVERS/Source/FilteringFunctions/arm_conv_q7.o
LOAD ./Drivers/CMSIS/DSP_DRIVERS/Source/FilteringFunctions/arm_correlate_f16.o
LOAD ./Drivers/CMSIS/DSP_DRIVERS/Source/FilteringFunctions/arm_correlate_f32.o
LOAD ./Drivers/CMSIS/DSP_DRIVERS/Source/FilteringFunctions/arm_correlate_f64.o
LOAD ./Drivers/CMSIS/DSP_DRIVERS/Source/FilteringFunctions/arm_correlate_fast_opt_q15.o
LOAD ./Drivers/CMSIS/DSP_DRIVERS/Source/FilteringFunctions/arm_correlate_fast_q15.o
LOAD ./Drivers/CMSIS/DSP_DRIVERS/Source/FilteringFunctions/arm_correlate_fast_q31.o
LOAD ./Drivers/CMSIS/DSP_DRIVERS/Source/FilteringFunctions/arm_correlate_opt_q15.o
LOAD ./Drivers/CMSIS/DSP_DRIVERS/Source/FilteringFunctions/arm_correlate_opt_q7.o
LOAD ./Drivers/CMSIS/DSP_DRIVERS/Source/FilteringFunctions/arm_correlate_q15.o
LOAD ./Drivers/CMSIS/DSP_DRIVERS/Source/FilteringFunctions/arm_correlate_q31.o
LOAD ./Drivers/CMSIS/DSP_DRIVERS/Source/FilteringFunctions/arm_correlate_q7.o
LOAD ./Drivers/CMSIS/DSP_DRIVERS/Source/FilteringFunctions/arm_fir_decimate_f32.o
LOAD ./Drivers/CMSIS/DSP_DRIVERS/Source/FilteringFunctions/arm_fir_decimate_fast_q15.o
LOAD ./Drivers/CMSIS/DSP_DRIVERS/Source/FilteringFunctions/arm_fir_decimate_fast_q31.o
LOAD ./Drivers/CMSIS/DSP_DRIVERS/Source/FilteringFunctions/arm_fir_decimate_init_f32.o
LOAD ./Drivers/CMSIS/DSP_DRIVERS/Source/FilteringFunctions/arm_fir_decimate_init_q15.o
LOAD ./Drivers/CMSIS/DSP_DRIVERS/Source/FilteringFunctions/arm_fir_decimate_init_q31.o
LOAD ./Drivers/CMSIS/DSP_DRIVERS/Source/FilteringFunctions/arm_fir_decimate_q15.o
LOAD ./Drivers/CMSIS/DSP_DRIVERS/Source/FilteringFunctions/arm_fir_decimate_q31.o
LOAD ./Drivers/CMSIS/DSP_DRIVERS/Source/FilteringFunctions/arm_fir_f16.o
LOAD ./Drivers/CMSIS/DSP_DRIVERS/Source/FilteringFunctions/arm_fir_f32.o
LOAD ./Drivers/CMSIS/DSP_DRIVERS/Source/FilteringFunctions/arm_fir_f64.o
LOAD ./Drivers/CMSIS/DSP_DRIVERS/Source/FilteringFunctions/arm_fir_fast_q15.o
LOAD ./Drivers/CMSIS/DSP_DRIVERS/Source/FilteringFunctions/arm_fir_fast_q31.o
LOAD ./Drivers/CMSIS/DSP_DRIVERS/Source/FilteringFunctions/arm_fir_init_f16.o
LOAD ./Drivers/CMSIS/DSP_DRIVERS/Source/FilteringFunctions/arm_fir_init_f32.o
LOAD ./Drivers/CMSIS/DSP_DRIVERS/Source/FilteringFunctions/arm_fir_init_f64.o
LOAD ./Drivers/CMSIS/DSP_DRIVERS/Source/FilteringFunctions/arm_fir_init_q15.o
LOAD ./Drivers/CMSIS/DSP_DRIVERS/Source/FilteringFunctions/arm_fir_init_q31.o
LOAD ./Drivers/CMSIS/DSP_DRIVERS/Source/FilteringFunctions/arm_fir_init_q7.o
LOAD ./Drivers/CMSIS/DSP_DRIVERS/Source/FilteringFunctions/arm_fir_interpolate_f32.o
LOAD ./Drivers/CMSIS/DSP_DRIVERS/Source/FilteringFunctions/arm_fir_interpolate_init_f32.o
LOAD ./Drivers/CMSIS/DSP_DRIVERS/Source/FilteringFunctions/arm_fir_interpolate_init_q15.o
LOAD ./Drivers/CMSIS/DSP_DRIVERS/Source/FilteringFunctions/arm_fir_interpolate_init_q31.o
LOAD ./Drivers/CMSIS/DSP_DRIVERS/Source/FilteringFunctions/arm_fir_interpolate_q15.o
LOAD ./Drivers/CMSIS/DSP_DRIVERS/Source/FilteringFunctions/arm_fir_interpolate_q31.o
LOAD ./Drivers/CMSIS/DSP_DRIVERS/Source/FilteringFunctions/arm_fir_lattice_f32.o
LOAD ./Drivers/CMSIS/DSP_DRIVERS/Source/FilteringFunctions/arm_fir_lattice_init_f32.o
LOAD ./Drivers/CMSIS/DSP_DRIVERS/Source/FilteringFunctions/arm_fir_lattice_init_q15.o
LOAD ./Drivers/CMSIS/DSP_DRIVERS/Source/FilteringFunctions/arm_fir_lattice_init_q31.o
LOAD ./Drivers/CMSIS/DSP_DRIVERS/Source/FilteringFunctions/arm_fir_lattice_q15.o
LOAD ./Drivers/CMSIS/DSP_DRIVERS/Source/FilteringFunctions/arm_fir_lattice_q31.o
LOAD ./Drivers/CMSIS/DSP_DRIVERS/Source/FilteringFunctions/arm_fir_q15.o
LOAD ./Drivers/CMSIS/DSP_DRIVERS/Source/FilteringFunctions/arm_fir_q31.o
LOAD ./Drivers/CMSIS/DSP_DRIVERS/Source/FilteringFunctions/arm_fir_q7.o
LOAD ./Drivers/CMSIS/DSP_DRIVERS/Source/FilteringFunctions/arm_fir_sparse_f32.o
LOAD ./Drivers/CMSIS/DSP_DRIVERS/Source/FilteringFunctions/arm_fir_sparse_init_f32.o
LOAD ./Drivers/CMSIS/DSP_DRIVERS/Source/FilteringFunctions/arm_fir_sparse_init_q15.o
LOAD ./Drivers/CMSIS/DSP_DRIVERS/Source/FilteringFunctions/arm_fir_sparse_init_q31.o
LOAD ./Drivers/CMSIS/DSP_DRIVERS/Source/FilteringFunctions/arm_fir_sparse_init_q7.o
LOAD ./Drivers/CMSIS/DSP_DRIVERS/Source/FilteringFunctions/arm_fir_sparse_q15.o
LOAD ./Drivers/CMSIS/DSP_DRIVERS/Source/FilteringFunctions/arm_fir_sparse_q31.o
LOAD ./Drivers/CMSIS/DSP_DRIVERS/Source/FilteringFunctions/arm_fir_sparse_q7.o
LOAD ./Drivers/CMSIS/DSP_DRIVERS/Source/FilteringFunctions/arm_iir_lattice_f32.o
LOAD ./Drivers/CMSIS/DSP_DRIVERS/Source/FilteringFunctions/arm_iir_lattice_init_f32.o
LOAD ./Drivers/CMSIS/DSP_DRIVERS/Source/FilteringFunctions/arm_iir_lattice_init_q15.o
LOAD ./Drivers/CMSIS/DSP_DRIVERS/Source/FilteringFunctions/arm_iir_lattice_init_q31.o
LOAD ./Drivers/CMSIS/DSP_DRIVERS/Source/FilteringFunctions/arm_iir_lattice_q15.o
LOAD ./Drivers/CMSIS/DSP_DRIVERS/Source/FilteringFunctions/arm_iir_lattice_q31.o
LOAD ./Drivers/CMSIS/DSP_DRIVERS/Source/FilteringFunctions/arm_levinson_durbin_f16.o
LOAD ./Drivers/CMSIS/DSP_DRIVERS/Source/FilteringFunctions/arm_levinson_durbin_f32.o
LOAD ./Drivers/CMSIS/DSP_DRIVERS/Source/FilteringFunctions/arm_levinson_durbin_q31.o
LOAD ./Drivers/CMSIS/DSP_DRIVERS/Source/FilteringFunctions/arm_lms_f32.o
LOAD ./Drivers/CMSIS/DSP_DRIVERS/Source/FilteringFunctions/arm_lms_init_f32.o
LOAD ./Drivers/CMSIS/DSP_DRIVERS/Source/FilteringFunctions/arm_lms_init_q15.o
LOAD ./Drivers/CMSIS/DSP_DRIVERS/Source/FilteringFunctions/arm_lms_init_q31.o
LOAD ./Drivers/CMSIS/DSP_DRIVERS/Source/FilteringFunctions/arm_lms_norm_f32.o
LOAD ./Drivers/CMSIS/DSP_DRIVERS/Source/FilteringFunctions/arm_lms_norm_init_f32.o
LOAD ./Drivers/CMSIS/DSP_DRIVERS/Source/FilteringFunctions/arm_lms_norm_init_q15.o
LOAD ./Drivers/CMSIS/DSP_DRIVERS/Source/FilteringFunctions/arm_lms_norm_init_q31.o
LOAD ./Drivers/CMSIS/DSP_DRIVERS/Source/FilteringFunctions/arm_lms_norm_q15.o
LOAD ./Drivers/CMSIS/DSP_DRIVERS/Source/FilteringFunctions/arm_lms_norm_q31.o
LOAD ./Drivers/CMSIS/DSP_DRIVERS/Source/FilteringFunctions/arm_lms_q15.o
LOAD ./Drivers/CMSIS/DSP_DRIVERS/Source/FilteringFunctions/arm_lms_q31.o
LOAD ./Drivers/CMSIS/DSP_DRIVERS/Source/InterpolationFunctions/InterpolationFunctionsF16.o
LOAD ./Drivers/CMSIS/DSP_DRIVERS/Source/InterpolationFunctions/arm_bilinear_interp_f16.o
LOAD ./Drivers/CMSIS/DSP_DRIVERS/Source/InterpolationFunctions/arm_bilinear_interp_f32.o
LOAD ./Drivers/CMSIS/DSP_DRIVERS/Source/InterpolationFunctions/arm_bilinear_interp_q15.o
LOAD ./Drivers/CMSIS/DSP_DRIVERS/Source/InterpolationFunctions/arm_bilinear_interp_q31.o
LOAD ./Drivers/CMSIS/DSP_DRIVERS/Source/InterpolationFunctions/arm_bilinear_interp_q7.o
LOAD ./Drivers/CMSIS/DSP_DRIVERS/Source/InterpolationFunctions/arm_linear_interp_f16.o
LOAD ./Drivers/CMSIS/DSP_DRIVERS/Source/InterpolationFunctions/arm_linear_interp_f32.o
LOAD ./Drivers/CMSIS/DSP_DRIVERS/Source/InterpolationFunctions/arm_linear_interp_q15.o
LOAD ./Drivers/CMSIS/DSP_DRIVERS/Source/InterpolationFunctions/arm_linear_interp_q31.o
LOAD ./Drivers/CMSIS/DSP_DRIVERS/Source/InterpolationFunctions/arm_linear_interp_q7.o
LOAD ./Drivers/CMSIS/DSP_DRIVERS/Source/InterpolationFunctions/arm_spline_interp_f32.o
LOAD ./Drivers/CMSIS/DSP_DRIVERS/Source/InterpolationFunctions/arm_spline_interp_init_f32.o
LOAD ./Drivers/CMSIS/DSP_DRIVERS/Source/MatrixFunctions/MatrixFunctionsF16.o
LOAD ./Drivers/CMSIS/DSP_DRIVERS/Source/MatrixFunctions/arm_mat_add_f16.o
LOAD ./Drivers/CMSIS/DSP_DRIVERS/Source/MatrixFunctions/arm_mat_add_f32.o
LOAD ./Drivers/CMSIS/DSP_DRIVERS/Source/MatrixFunctions/arm_mat_add_q15.o
LOAD ./Drivers/CMSIS/DSP_DRIVERS/Source/MatrixFunctions/arm_mat_add_q31.o
LOAD ./Drivers/CMSIS/DSP_DRIVERS/Source/MatrixFunctions/arm_mat_cholesky_f16.o
LOAD ./Drivers/CMSIS/DSP_DRIVERS/Source/MatrixFunctions/arm_mat_cholesky_f32.o
LOAD ./Drivers/CMSIS/DSP_DRIVERS/Source/MatrixFunctions/arm_mat_cholesky_f64.o
LOAD ./Drivers/CMSIS/DSP_DRIVERS/Source/MatrixFunctions/arm_mat_cmplx_mult_f16.o
LOAD ./Drivers/CMSIS/DSP_DRIVERS/Source/MatrixFunctions/arm_mat_cmplx_mult_f32.o
LOAD ./Drivers/CMSIS/DSP_DRIVERS/Source/MatrixFunctions/arm_mat_cmplx_mult_q15.o
LOAD ./Drivers/CMSIS/DSP_DRIVERS/Source/MatrixFunctions/arm_mat_cmplx_mult_q31.o
LOAD ./Drivers/CMSIS/DSP_DRIVERS/Source/MatrixFunctions/arm_mat_cmplx_trans_f16.o
LOAD ./Drivers/CMSIS/DSP_DRIVERS/Source/MatrixFunctions/arm_mat_cmplx_trans_f32.o
LOAD ./Drivers/CMSIS/DSP_DRIVERS/Source/MatrixFunctions/arm_mat_cmplx_trans_q15.o
LOAD ./Drivers/CMSIS/DSP_DRIVERS/Source/MatrixFunctions/arm_mat_cmplx_trans_q31.o
LOAD ./Drivers/CMSIS/DSP_DRIVERS/Source/MatrixFunctions/arm_mat_init_f16.o
LOAD ./Drivers/CMSIS/DSP_DRIVERS/Source/MatrixFunctions/arm_mat_init_f32.o
LOAD ./Drivers/CMSIS/DSP_DRIVERS/Source/MatrixFunctions/arm_mat_init_q15.o
LOAD ./Drivers/CMSIS/DSP_DRIVERS/Source/MatrixFunctions/arm_mat_init_q31.o
LOAD ./Drivers/CMSIS/DSP_DRIVERS/Source/MatrixFunctions/arm_mat_inverse_f16.o
LOAD ./Drivers/CMSIS/DSP_DRIVERS/Source/MatrixFunctions/arm_mat_inverse_f32.o
LOAD ./Drivers/CMSIS/DSP_DRIVERS/Source/MatrixFunctions/arm_mat_inverse_f64.o
LOAD ./Drivers/CMSIS/DSP_DRIVERS/Source/MatrixFunctions/arm_mat_ldlt_f32.o
LOAD ./Drivers/CMSIS/DSP_DRIVERS/Source/MatrixFunctions/arm_mat_ldlt_f64.o
LOAD ./Drivers/CMSIS/DSP_DRIVERS/Source/MatrixFunctions/arm_mat_mult_f16.o
LOAD ./Drivers/CMSIS/DSP_DRIVERS/Source/MatrixFunctions/arm_mat_mult_f32.o
LOAD ./Drivers/CMSIS/DSP_DRIVERS/Source/MatrixFunctions/arm_mat_mult_f64.o
LOAD ./Drivers/CMSIS/DSP_DRIVERS/Source/MatrixFunctions/arm_mat_mult_fast_q15.o
LOAD ./Drivers/CMSIS/DSP_DRIVERS/Source/MatrixFunctions/arm_mat_mult_fast_q31.o
LOAD ./Drivers/CMSIS/DSP_DRIVERS/Source/MatrixFunctions/arm_mat_mult_opt_q31.o
LOAD ./Drivers/CMSIS/DSP_DRIVERS/Source/MatrixFunctions/arm_mat_mult_q15.o
LOAD ./Drivers/CMSIS/DSP_DRIVERS/Source/MatrixFunctions/arm_mat_mult_q31.o
LOAD ./Drivers/CMSIS/DSP_DRIVERS/Source/MatrixFunctions/arm_mat_mult_q7.o
LOAD ./Drivers/CMSIS/DSP_DRIVERS/Source/MatrixFunctions/arm_mat_scale_f16.o
LOAD ./Drivers/CMSIS/DSP_DRIVERS/Source/MatrixFunctions/arm_mat_scale_f32.o
LOAD ./Drivers/CMSIS/DSP_DRIVERS/Source/MatrixFunctions/arm_mat_scale_q15.o
LOAD ./Drivers/CMSIS/DSP_DRIVERS/Source/MatrixFunctions/arm_mat_scale_q31.o
LOAD ./Drivers/CMSIS/DSP_DRIVERS/Source/MatrixFunctions/arm_mat_solve_lower_triangular_f16.o
LOAD ./Drivers/CMSIS/DSP_DRIVERS/Source/MatrixFunctions/arm_mat_solve_lower_triangular_f32.o
LOAD ./Drivers/CMSIS/DSP_DRIVERS/Source/MatrixFunctions/arm_mat_solve_lower_triangular_f64.o
LOAD ./Drivers/CMSIS/DSP_DRIVERS/Source/MatrixFunctions/arm_mat_solve_upper_triangular_f16.o
LOAD ./Drivers/CMSIS/DSP_DRIVERS/Source/MatrixFunctions/arm_mat_solve_upper_triangular_f32.o
LOAD ./Drivers/CMSIS/DSP_DRIVERS/Source/MatrixFunctions/arm_mat_solve_upper_triangular_f64.o
LOAD ./Drivers/CMSIS/DSP_DRIVERS/Source/MatrixFunctions/arm_mat_sub_f16.o
LOAD ./Drivers/CMSIS/DSP_DRIVERS/Source/MatrixFunctions/arm_mat_sub_f32.o
LOAD ./Drivers/CMSIS/DSP_DRIVERS/Source/MatrixFunctions/arm_mat_sub_f64.o
LOAD ./Drivers/CMSIS/DSP_DRIVERS/Source/MatrixFunctions/arm_mat_sub_q15.o
LOAD ./Drivers/CMSIS/DSP_DRIVERS/Source/MatrixFunctions/arm_mat_sub_q31.o
LOAD ./Drivers/CMSIS/DSP_DRIVERS/Source/MatrixFunctions/arm_mat_trans_f16.o
LOAD ./Drivers/CMSIS/DSP_DRIVERS/Source/MatrixFunctions/arm_mat_trans_f32.o
LOAD ./Drivers/CMSIS/DSP_DRIVERS/Source/MatrixFunctions/arm_mat_trans_f64.o
LOAD ./Drivers/CMSIS/DSP_DRIVERS/Source/MatrixFunctions/arm_mat_trans_q15.o
LOAD ./Drivers/CMSIS/DSP_DRIVERS/Source/MatrixFunctions/arm_mat_trans_q31.o
LOAD ./Drivers/CMSIS/DSP_DRIVERS/Source/MatrixFunctions/arm_mat_trans_q7.o
LOAD ./Drivers/CMSIS/DSP_DRIVERS/Source/MatrixFunctions/arm_mat_vec_mult_f16.o
LOAD ./Drivers/CMSIS/DSP_DRIVERS/Source/MatrixFunctions/arm_mat_vec_mult_f32.o
LOAD ./Drivers/CMSIS/DSP_DRIVERS/Source/MatrixFunctions/arm_mat_vec_mult_q15.o
LOAD ./Drivers/CMSIS/DSP_DRIVERS/Source/MatrixFunctions/arm_mat_vec_mult_q31.o
LOAD ./Drivers/CMSIS/DSP_DRIVERS/Source/MatrixFunctions/arm_mat_vec_mult_q7.o
LOAD ./Drivers/CMSIS/DSP_DRIVERS/Source/QuaternionMathFunctions/arm_quaternion2rotation_f32.o
LOAD ./Drivers/CMSIS/DSP_DRIVERS/Source/QuaternionMathFunctions/arm_quaternion_conjugate_f32.o
LOAD ./Drivers/CMSIS/DSP_DRIVERS/Source/QuaternionMathFunctions/arm_quaternion_inverse_f32.o
LOAD ./Drivers/CMSIS/DSP_DRIVERS/Source/QuaternionMathFunctions/arm_quaternion_norm_f32.o
LOAD ./Drivers/CMSIS/DSP_DRIVERS/Source/QuaternionMathFunctions/arm_quaternion_normalize_f32.o
LOAD ./Drivers/CMSIS/DSP_DRIVERS/Source/QuaternionMathFunctions/arm_quaternion_product_f32.o
LOAD ./Drivers/CMSIS/DSP_DRIVERS/Source/QuaternionMathFunctions/arm_quaternion_product_single_f32.o
LOAD ./Drivers/CMSIS/DSP_DRIVERS/Source/QuaternionMathFunctions/arm_rotation2quaternion_f32.o
LOAD ./Drivers/CMSIS/DSP_DRIVERS/Source/SVMFunctions/SVMFunctionsF16.o
LOAD ./Drivers/CMSIS/DSP_DRIVERS/Source/SVMFunctions/arm_svm_linear_init_f16.o
LOAD ./Drivers/CMSIS/DSP_DRIVERS/Source/SVMFunctions/arm_svm_linear_init_f32.o
LOAD ./Drivers/CMSIS/DSP_DRIVERS/Source/SVMFunctions/arm_svm_linear_predict_f16.o
LOAD ./Drivers/CMSIS/DSP_DRIVERS/Source/SVMFunctions/arm_svm_linear_predict_f32.o
LOAD ./Drivers/CMSIS/DSP_DRIVERS/Source/SVMFunctions/arm_svm_polynomial_init_f16.o
LOAD ./Drivers/CMSIS/DSP_DRIVERS/Source/SVMFunctions/arm_svm_polynomial_init_f32.o
LOAD ./Drivers/CMSIS/DSP_DRIVERS/Source/SVMFunctions/arm_svm_polynomial_predict_f16.o
LOAD ./Drivers/CMSIS/DSP_DRIVERS/Source/SVMFunctions/arm_svm_polynomial_predict_f32.o
LOAD ./Drivers/CMSIS/DSP_DRIVERS/Source/SVMFunctions/arm_svm_rbf_init_f16.o
LOAD ./Drivers/CMSIS/DSP_DRIVERS/Source/SVMFunctions/arm_svm_rbf_init_f32.o
LOAD ./Drivers/CMSIS/DSP_DRIVERS/Source/SVMFunctions/arm_svm_rbf_predict_f16.o
LOAD ./Drivers/CMSIS/DSP_DRIVERS/Source/SVMFunctions/arm_svm_rbf_predict_f32.o
LOAD ./Drivers/CMSIS/DSP_DRIVERS/Source/SVMFunctions/arm_svm_sigmoid_init_f16.o
LOAD ./Drivers/CMSIS/DSP_DRIVERS/Source/SVMFunctions/arm_svm_sigmoid_init_f32.o
LOAD ./Drivers/CMSIS/DSP_DRIVERS/Source/SVMFunctions/arm_svm_sigmoid_predict_f16.o
LOAD ./Drivers/CMSIS/DSP_DRIVERS/Source/SVMFunctions/arm_svm_sigmoid_predict_f32.o
LOAD ./Drivers/CMSIS/DSP_DRIVERS/Source/StatisticsFunctions/StatisticsFunctionsF16.o
LOAD ./Drivers/CMSIS/DSP_DRIVERS/Source/StatisticsFunctions/arm_absmax_f16.o
LOAD ./Drivers/CMSIS/DSP_DRIVERS/Source/StatisticsFunctions/arm_absmax_f32.o
LOAD ./Drivers/CMSIS/DSP_DRIVERS/Source/StatisticsFunctions/arm_absmax_f64.o
LOAD ./Drivers/CMSIS/DSP_DRIVERS/Source/StatisticsFunctions/arm_absmax_no_idx_f16.o
LOAD ./Drivers/CMSIS/DSP_DRIVERS/Source/StatisticsFunctions/arm_absmax_no_idx_f32.o
LOAD ./Drivers/CMSIS/DSP_DRIVERS/Source/StatisticsFunctions/arm_absmax_no_idx_f64.o
LOAD ./Drivers/CMSIS/DSP_DRIVERS/Source/StatisticsFunctions/arm_absmax_no_idx_q15.o
LOAD ./Drivers/CMSIS/DSP_DRIVERS/Source/StatisticsFunctions/arm_absmax_no_idx_q31.o
LOAD ./Drivers/CMSIS/DSP_DRIVERS/Source/StatisticsFunctions/arm_absmax_no_idx_q7.o
LOAD ./Drivers/CMSIS/DSP_DRIVERS/Source/StatisticsFunctions/arm_absmax_q15.o
LOAD ./Drivers/CMSIS/DSP_DRIVERS/Source/StatisticsFunctions/arm_absmax_q31.o
LOAD ./Drivers/CMSIS/DSP_DRIVERS/Source/StatisticsFunctions/arm_absmax_q7.o
LOAD ./Drivers/CMSIS/DSP_DRIVERS/Source/StatisticsFunctions/arm_absmin_f16.o
LOAD ./Drivers/CMSIS/DSP_DRIVERS/Source/StatisticsFunctions/arm_absmin_f32.o
LOAD ./Drivers/CMSIS/DSP_DRIVERS/Source/StatisticsFunctions/arm_absmin_f64.o
LOAD ./Drivers/CMSIS/DSP_DRIVERS/Source/StatisticsFunctions/arm_absmin_no_idx_f16.o
LOAD ./Drivers/CMSIS/DSP_DRIVERS/Source/StatisticsFunctions/arm_absmin_no_idx_f32.o
LOAD ./Drivers/CMSIS/DSP_DRIVERS/Source/StatisticsFunctions/arm_absmin_no_idx_f64.o
LOAD ./Drivers/CMSIS/DSP_DRIVERS/Source/StatisticsFunctions/arm_absmin_no_idx_q15.o
LOAD ./Drivers/CMSIS/DSP_DRIVERS/Source/StatisticsFunctions/arm_absmin_no_idx_q31.o
LOAD ./Drivers/CMSIS/DSP_DRIVERS/Source/StatisticsFunctions/arm_absmin_no_idx_q7.o
LOAD ./Drivers/CMSIS/DSP_DRIVERS/Source/StatisticsFunctions/arm_absmin_q15.o
LOAD ./Drivers/CMSIS/DSP_DRIVERS/Source/StatisticsFunctions/arm_absmin_q31.o
LOAD ./Drivers/CMSIS/DSP_DRIVERS/Source/StatisticsFunctions/arm_absmin_q7.o
LOAD ./Drivers/CMSIS/DSP_DRIVERS/Source/StatisticsFunctions/arm_entropy_f16.o
LOAD ./Drivers/CMSIS/DSP_DRIVERS/Source/StatisticsFunctions/arm_entropy_f32.o
LOAD ./Drivers/CMSIS/DSP_DRIVERS/Source/StatisticsFunctions/arm_entropy_f64.o
LOAD ./Drivers/CMSIS/DSP_DRIVERS/Source/StatisticsFunctions/arm_kullback_leibler_f16.o
LOAD ./Drivers/CMSIS/DSP_DRIVERS/Source/StatisticsFunctions/arm_kullback_leibler_f32.o
LOAD ./Drivers/CMSIS/DSP_DRIVERS/Source/StatisticsFunctions/arm_kullback_leibler_f64.o
LOAD ./Drivers/CMSIS/DSP_DRIVERS/Source/StatisticsFunctions/arm_logsumexp_dot_prod_f16.o
LOAD ./Drivers/CMSIS/DSP_DRIVERS/Source/StatisticsFunctions/arm_logsumexp_dot_prod_f32.o
LOAD ./Drivers/CMSIS/DSP_DRIVERS/Source/StatisticsFunctions/arm_logsumexp_f16.o
LOAD ./Drivers/CMSIS/DSP_DRIVERS/Source/StatisticsFunctions/arm_logsumexp_f32.o
LOAD ./Drivers/CMSIS/DSP_DRIVERS/Source/StatisticsFunctions/arm_max_f16.o
LOAD ./Drivers/CMSIS/DSP_DRIVERS/Source/StatisticsFunctions/arm_max_f32.o
LOAD ./Drivers/CMSIS/DSP_DRIVERS/Source/StatisticsFunctions/arm_max_f64.o
LOAD ./Drivers/CMSIS/DSP_DRIVERS/Source/StatisticsFunctions/arm_max_no_idx_f16.o
LOAD ./Drivers/CMSIS/DSP_DRIVERS/Source/StatisticsFunctions/arm_max_no_idx_f32.o
LOAD ./Drivers/CMSIS/DSP_DRIVERS/Source/StatisticsFunctions/arm_max_no_idx_f64.o
LOAD ./Drivers/CMSIS/DSP_DRIVERS/Source/StatisticsFunctions/arm_max_no_idx_q15.o
LOAD ./Drivers/CMSIS/DSP_DRIVERS/Source/StatisticsFunctions/arm_max_no_idx_q31.o
LOAD ./Drivers/CMSIS/DSP_DRIVERS/Source/StatisticsFunctions/arm_max_no_idx_q7.o
LOAD ./Drivers/CMSIS/DSP_DRIVERS/Source/StatisticsFunctions/arm_max_q15.o
LOAD ./Drivers/CMSIS/DSP_DRIVERS/Source/StatisticsFunctions/arm_max_q31.o
LOAD ./Drivers/CMSIS/DSP_DRIVERS/Source/StatisticsFunctions/arm_max_q7.o
LOAD ./Drivers/CMSIS/DSP_DRIVERS/Source/StatisticsFunctions/arm_mean_f16.o
LOAD ./Drivers/CMSIS/DSP_DRIVERS/Source/StatisticsFunctions/arm_mean_f32.o
LOAD ./Drivers/CMSIS/DSP_DRIVERS/Source/StatisticsFunctions/arm_mean_f64.o
LOAD ./Drivers/CMSIS/DSP_DRIVERS/Source/StatisticsFunctions/arm_mean_q15.o
LOAD ./Drivers/CMSIS/DSP_DRIVERS/Source/StatisticsFunctions/arm_mean_q31.o
LOAD ./Drivers/CMSIS/DSP_DRIVERS/Source/StatisticsFunctions/arm_mean_q7.o
LOAD ./Drivers/CMSIS/DSP_DRIVERS/Source/StatisticsFunctions/arm_min_f16.o
LOAD ./Drivers/CMSIS/DSP_DRIVERS/Source/StatisticsFunctions/arm_min_f32.o
LOAD ./Drivers/CMSIS/DSP_DRIVERS/Source/StatisticsFunctions/arm_min_f64.o
LOAD ./Drivers/CMSIS/DSP_DRIVERS/Source/StatisticsFunctions/arm_min_no_idx_f16.o
LOAD ./Drivers/CMSIS/DSP_DRIVERS/Source/StatisticsFunctions/arm_min_no_idx_f32.o
LOAD ./Drivers/CMSIS/DSP_DRIVERS/Source/StatisticsFunctions/arm_min_no_idx_f64.o
LOAD ./Drivers/CMSIS/DSP_DRIVERS/Source/StatisticsFunctions/arm_min_no_idx_q15.o
LOAD ./Drivers/CMSIS/DSP_DRIVERS/Source/StatisticsFunctions/arm_min_no_idx_q31.o
LOAD ./Drivers/CMSIS/DSP_DRIVERS/Source/StatisticsFunctions/arm_min_no_idx_q7.o
LOAD ./Drivers/CMSIS/DSP_DRIVERS/Source/StatisticsFunctions/arm_min_q15.o
LOAD ./Drivers/CMSIS/DSP_DRIVERS/Source/StatisticsFunctions/arm_min_q31.o
LOAD ./Drivers/CMSIS/DSP_DRIVERS/Source/StatisticsFunctions/arm_min_q7.o
LOAD ./Drivers/CMSIS/DSP_DRIVERS/Source/StatisticsFunctions/arm_mse_f16.o
LOAD ./Drivers/CMSIS/DSP_DRIVERS/Source/StatisticsFunctions/arm_mse_f32.o
LOAD ./Drivers/CMSIS/DSP_DRIVERS/Source/StatisticsFunctions/arm_mse_f64.o
LOAD ./Drivers/CMSIS/DSP_DRIVERS/Source/StatisticsFunctions/arm_mse_q15.o
LOAD ./Drivers/CMSIS/DSP_DRIVERS/Source/StatisticsFunctions/arm_mse_q31.o
LOAD ./Drivers/CMSIS/DSP_DRIVERS/Source/StatisticsFunctions/arm_mse_q7.o
LOAD ./Drivers/CMSIS/DSP_DRIVERS/Source/StatisticsFunctions/arm_power_f16.o
LOAD ./Drivers/CMSIS/DSP_DRIVERS/Source/StatisticsFunctions/arm_power_f32.o
LOAD ./Drivers/CMSIS/DSP_DRIVERS/Source/StatisticsFunctions/arm_power_f64.o
LOAD ./Drivers/CMSIS/DSP_DRIVERS/Source/StatisticsFunctions/arm_power_q15.o
LOAD ./Drivers/CMSIS/DSP_DRIVERS/Source/StatisticsFunctions/arm_power_q31.o
LOAD ./Drivers/CMSIS/DSP_DRIVERS/Source/StatisticsFunctions/arm_power_q7.o
LOAD ./Drivers/CMSIS/DSP_DRIVERS/Source/StatisticsFunctions/arm_rms_f16.o
LOAD ./Drivers/CMSIS/DSP_DRIVERS/Source/StatisticsFunctions/arm_rms_f32.o
LOAD ./Drivers/CMSIS/DSP_DRIVERS/Source/StatisticsFunctions/arm_rms_q15.o
LOAD ./Drivers/CMSIS/DSP_DRIVERS/Source/StatisticsFunctions/arm_rms_q31.o
LOAD ./Drivers/CMSIS/DSP_DRIVERS/Source/StatisticsFunctions/arm_std_f16.o
LOAD ./Drivers/CMSIS/DSP_DRIVERS/Source/StatisticsFunctions/arm_std_f32.o
LOAD ./Drivers/CMSIS/DSP_DRIVERS/Source/StatisticsFunctions/arm_std_f64.o
LOAD ./Drivers/CMSIS/DSP_DRIVERS/Source/StatisticsFunctions/arm_std_q15.o
LOAD ./Drivers/CMSIS/DSP_DRIVERS/Source/StatisticsFunctions/arm_std_q31.o
LOAD ./Drivers/CMSIS/DSP_DRIVERS/Source/StatisticsFunctions/arm_var_f16.o
LOAD ./Drivers/CMSIS/DSP_DRIVERS/Source/StatisticsFunctions/arm_var_f32.o
LOAD ./Drivers/CMSIS/DSP_DRIVERS/Source/StatisticsFunctions/arm_var_f64.o
LOAD ./Drivers/CMSIS/DSP_DRIVERS/Source/StatisticsFunctions/arm_var_q15.o
LOAD ./Drivers/CMSIS/DSP_DRIVERS/Source/StatisticsFunctions/arm_var_q31.o
LOAD ./Drivers/CMSIS/DSP_DRIVERS/Source/SupportFunctions/SupportFunctionsF16.o
LOAD ./Drivers/CMSIS/DSP_DRIVERS/Source/SupportFunctions/arm_barycenter_f16.o
LOAD ./Drivers/CMSIS/DSP_DRIVERS/Source/SupportFunctions/arm_barycenter_f32.o
LOAD ./Drivers/CMSIS/DSP_DRIVERS/Source/SupportFunctions/arm_bitonic_sort_f32.o
LOAD ./Drivers/CMSIS/DSP_DRIVERS/Source/SupportFunctions/arm_bubble_sort_f32.o
LOAD ./Drivers/CMSIS/DSP_DRIVERS/Source/SupportFunctions/arm_copy_f16.o
LOAD ./Drivers/CMSIS/DSP_DRIVERS/Source/SupportFunctions/arm_copy_f32.o
LOAD ./Drivers/CMSIS/DSP_DRIVERS/Source/SupportFunctions/arm_copy_f64.o
LOAD ./Drivers/CMSIS/DSP_DRIVERS/Source/SupportFunctions/arm_copy_q15.o
LOAD ./Drivers/CMSIS/DSP_DRIVERS/Source/SupportFunctions/arm_copy_q31.o
LOAD ./Drivers/CMSIS/DSP_DRIVERS/Source/SupportFunctions/arm_copy_q7.o
LOAD ./Drivers/CMSIS/DSP_DRIVERS/Source/SupportFunctions/arm_f16_to_float.o
LOAD ./Drivers/CMSIS/DSP_DRIVERS/Source/SupportFunctions/arm_f16_to_q15.o
LOAD ./Drivers/CMSIS/DSP_DRIVERS/Source/SupportFunctions/arm_fill_f16.o
LOAD ./Drivers/CMSIS/DSP_DRIVERS/Source/SupportFunctions/arm_fill_f32.o
LOAD ./Drivers/CMSIS/DSP_DRIVERS/Source/SupportFunctions/arm_fill_f64.o
LOAD ./Drivers/CMSIS/DSP_DRIVERS/Source/SupportFunctions/arm_fill_q15.o
LOAD ./Drivers/CMSIS/DSP_DRIVERS/Source/SupportFunctions/arm_fill_q31.o
LOAD ./Drivers/CMSIS/DSP_DRIVERS/Source/SupportFunctions/arm_fill_q7.o
LOAD ./Drivers/CMSIS/DSP_DRIVERS/Source/SupportFunctions/arm_float_to_f16.o
LOAD ./Drivers/CMSIS/DSP_DRIVERS/Source/SupportFunctions/arm_float_to_q15.o
LOAD ./Drivers/CMSIS/DSP_DRIVERS/Source/SupportFunctions/arm_float_to_q31.o
LOAD ./Drivers/CMSIS/DSP_DRIVERS/Source/SupportFunctions/arm_float_to_q7.o
LOAD ./Drivers/CMSIS/DSP_DRIVERS/Source/SupportFunctions/arm_heap_sort_f32.o
LOAD ./Drivers/CMSIS/DSP_DRIVERS/Source/SupportFunctions/arm_insertion_sort_f32.o
LOAD ./Drivers/CMSIS/DSP_DRIVERS/Source/SupportFunctions/arm_merge_sort_f32.o
LOAD ./Drivers/CMSIS/DSP_DRIVERS/Source/SupportFunctions/arm_merge_sort_init_f32.o
LOAD ./Drivers/CMSIS/DSP_DRIVERS/Source/SupportFunctions/arm_q15_to_f16.o
LOAD ./Drivers/CMSIS/DSP_DRIVERS/Source/SupportFunctions/arm_q15_to_float.o
LOAD ./Drivers/CMSIS/DSP_DRIVERS/Source/SupportFunctions/arm_q15_to_q31.o
LOAD ./Drivers/CMSIS/DSP_DRIVERS/Source/SupportFunctions/arm_q15_to_q7.o
LOAD ./Drivers/CMSIS/DSP_DRIVERS/Source/SupportFunctions/arm_q31_to_float.o
LOAD ./Drivers/CMSIS/DSP_DRIVERS/Source/SupportFunctions/arm_q31_to_q15.o
LOAD ./Drivers/CMSIS/DSP_DRIVERS/Source/SupportFunctions/arm_q31_to_q7.o
LOAD ./Drivers/CMSIS/DSP_DRIVERS/Source/SupportFunctions/arm_q7_to_float.o
LOAD ./Drivers/CMSIS/DSP_DRIVERS/Source/SupportFunctions/arm_q7_to_q15.o
LOAD ./Drivers/CMSIS/DSP_DRIVERS/Source/SupportFunctions/arm_q7_to_q31.o
LOAD ./Drivers/CMSIS/DSP_DRIVERS/Source/SupportFunctions/arm_quick_sort_f32.o
LOAD ./Drivers/CMSIS/DSP_DRIVERS/Source/SupportFunctions/arm_selection_sort_f32.o
LOAD ./Drivers/CMSIS/DSP_DRIVERS/Source/SupportFunctions/arm_sort_f32.o
LOAD ./Drivers/CMSIS/DSP_DRIVERS/Source/SupportFunctions/arm_sort_init_f32.o
LOAD ./Drivers/CMSIS/DSP_DRIVERS/Source/SupportFunctions/arm_weighted_sum_f16.o
LOAD ./Drivers/CMSIS/DSP_DRIVERS/Source/SupportFunctions/arm_weighted_sum_f32.o
LOAD ./Drivers/CMSIS/DSP_DRIVERS/Source/TransformFunctions/TransformFunctionsF16.o
LOAD ./Drivers/CMSIS/DSP_DRIVERS/Source/TransformFunctions/arm_bitreversal.o
LOAD ./Drivers/CMSIS/DSP_DRIVERS/Source/TransformFunctions/arm_bitreversal2.o
LOAD ./Drivers/CMSIS/DSP_DRIVERS/Source/TransformFunctions/arm_bitreversal_f16.o
LOAD ./Drivers/CMSIS/DSP_DRIVERS/Source/TransformFunctions/arm_cfft_f16.o
LOAD ./Drivers/CMSIS/DSP_DRIVERS/Source/TransformFunctions/arm_cfft_f32.o
LOAD ./Drivers/CMSIS/DSP_DRIVERS/Source/TransformFunctions/arm_cfft_f64.o
LOAD ./Drivers/CMSIS/DSP_DRIVERS/Source/TransformFunctions/arm_cfft_init_f16.o
LOAD ./Drivers/CMSIS/DSP_DRIVERS/Source/TransformFunctions/arm_cfft_init_f32.o
LOAD ./Drivers/CMSIS/DSP_DRIVERS/Source/TransformFunctions/arm_cfft_init_f64.o
LOAD ./Drivers/CMSIS/DSP_DRIVERS/Source/TransformFunctions/arm_cfft_init_q15.o
LOAD ./Drivers/CMSIS/DSP_DRIVERS/Source/TransformFunctions/arm_cfft_init_q31.o
LOAD ./Drivers/CMSIS/DSP_DRIVERS/Source/TransformFunctions/arm_cfft_q15.o
LOAD ./Drivers/CMSIS/DSP_DRIVERS/Source/TransformFunctions/arm_cfft_q31.o
LOAD ./Drivers/CMSIS/DSP_DRIVERS/Source/TransformFunctions/arm_cfft_radix2_f16.o
LOAD ./Drivers/CMSIS/DSP_DRIVERS/Source/TransformFunctions/arm_cfft_radix2_f32.o
LOAD ./Drivers/CMSIS/DSP_DRIVERS/Source/TransformFunctions/arm_cfft_radix2_init_f16.o
LOAD ./Drivers/CMSIS/DSP_DRIVERS/Source/TransformFunctions/arm_cfft_radix2_init_f32.o
LOAD ./Drivers/CMSIS/DSP_DRIVERS/Source/TransformFunctions/arm_cfft_radix2_init_q15.o
LOAD ./Drivers/CMSIS/DSP_DRIVERS/Source/TransformFunctions/arm_cfft_radix2_init_q31.o
LOAD ./Drivers/CMSIS/DSP_DRIVERS/Source/TransformFunctions/arm_cfft_radix2_q15.o
LOAD ./Drivers/CMSIS/DSP_DRIVERS/Source/TransformFunctions/arm_cfft_radix2_q31.o
LOAD ./Drivers/CMSIS/DSP_DRIVERS/Source/TransformFunctions/arm_cfft_radix4_f16.o
LOAD ./Drivers/CMSIS/DSP_DRIVERS/Source/TransformFunctions/arm_cfft_radix4_f32.o
LOAD ./Drivers/CMSIS/DSP_DRIVERS/Source/TransformFunctions/arm_cfft_radix4_init_f16.o
LOAD ./Drivers/CMSIS/DSP_DRIVERS/Source/TransformFunctions/arm_cfft_radix4_init_f32.o
LOAD ./Drivers/CMSIS/DSP_DRIVERS/Source/TransformFunctions/arm_cfft_radix4_init_q15.o
LOAD ./Drivers/CMSIS/DSP_DRIVERS/Source/TransformFunctions/arm_cfft_radix4_init_q31.o
LOAD ./Drivers/CMSIS/DSP_DRIVERS/Source/TransformFunctions/arm_cfft_radix4_q15.o
LOAD ./Drivers/CMSIS/DSP_DRIVERS/Source/TransformFunctions/arm_cfft_radix4_q31.o
LOAD ./Drivers/CMSIS/DSP_DRIVERS/Source/TransformFunctions/arm_cfft_radix8_f16.o
LOAD ./Drivers/CMSIS/DSP_DRIVERS/Source/TransformFunctions/arm_cfft_radix8_f32.o
LOAD ./Drivers/CMSIS/DSP_DRIVERS/Source/TransformFunctions/arm_dct4_f32.o
LOAD ./Drivers/CMSIS/DSP_DRIVERS/Source/TransformFunctions/arm_dct4_init_f32.o
LOAD ./Drivers/CMSIS/DSP_DRIVERS/Source/TransformFunctions/arm_dct4_init_q15.o
LOAD ./Drivers/CMSIS/DSP_DRIVERS/Source/TransformFunctions/arm_dct4_init_q31.o
LOAD ./Drivers/CMSIS/DSP_DRIVERS/Source/TransformFunctions/arm_dct4_q15.o
LOAD ./Drivers/CMSIS/DSP_DRIVERS/Source/TransformFunctions/arm_dct4_q31.o
LOAD ./Drivers/CMSIS/DSP_DRIVERS/Source/TransformFunctions/arm_mfcc_f16.o
LOAD ./Drivers/CMSIS/DSP_DRIVERS/Source/TransformFunctions/arm_mfcc_f32.o
LOAD ./Drivers/CMSIS/DSP_DRIVERS/Source/TransformFunctions/arm_mfcc_init_f16.o
LOAD ./Drivers/CMSIS/DSP_DRIVERS/Source/TransformFunctions/arm_mfcc_init_f32.o
LOAD ./Drivers/CMSIS/DSP_DRIVERS/Source/TransformFunctions/arm_mfcc_init_q15.o
LOAD ./Drivers/CMSIS/DSP_DRIVERS/Source/TransformFunctions/arm_mfcc_init_q31.o
LOAD ./Drivers/CMSIS/DSP_DRIVERS/Source/TransformFunctions/arm_mfcc_q15.o
LOAD ./Drivers/CMSIS/DSP_DRIVERS/Source/TransformFunctions/arm_mfcc_q31.o
LOAD ./Drivers/CMSIS/DSP_DRIVERS/Source/TransformFunctions/arm_rfft_f32.o
LOAD ./Drivers/CMSIS/DSP_DRIVERS/Source/TransformFunctions/arm_rfft_fast_f16.o
LOAD ./Drivers/CMSIS/DSP_DRIVERS/Source/TransformFunctions/arm_rfft_fast_f32.o
LOAD ./Drivers/CMSIS/DSP_DRIVERS/Source/TransformFunctions/arm_rfft_fast_f64.o
LOAD ./Drivers/CMSIS/DSP_DRIVERS/Source/TransformFunctions/arm_rfft_fast_init_f16.o
LOAD ./Drivers/CMSIS/DSP_DRIVERS/Source/TransformFunctions/arm_rfft_fast_init_f32.o
LOAD ./Drivers/CMSIS/DSP_DRIVERS/Source/TransformFunctions/arm_rfft_fast_init_f64.o
LOAD ./Drivers/CMSIS/DSP_DRIVERS/Source/TransformFunctions/arm_rfft_init_f32.o
LOAD ./Drivers/CMSIS/DSP_DRIVERS/Source/TransformFunctions/arm_rfft_init_q15.o
LOAD ./Drivers/CMSIS/DSP_DRIVERS/Source/TransformFunctions/arm_rfft_init_q31.o
LOAD ./Drivers/CMSIS/DSP_DRIVERS/Source/TransformFunctions/arm_rfft_q15.o
LOAD ./Drivers/CMSIS/DSP_DRIVERS/Source/TransformFunctions/arm_rfft_q31.o
LOAD ./Drivers/STM32F4xx_HAL_Driver/Src/stm32f4xx_hal.o
LOAD ./Drivers/STM32F4xx_HAL_Driver/Src/stm32f4xx_hal_adc.o
LOAD ./Drivers/STM32F4xx_HAL_Driver/Src/stm32f4xx_hal_adc_ex.o
LOAD ./Drivers/STM32F4xx_HAL_Driver/Src/stm32f4xx_hal_cortex.o
LOAD ./Drivers/STM32F4xx_HAL_Driver/Src/stm32f4xx_hal_dac.o
LOAD ./Drivers/STM32F4xx_HAL_Driver/Src/stm32f4xx_hal_dac_ex.o
LOAD ./Drivers/STM32F4xx_HAL_Driver/Src/stm32f4xx_hal_dma.o
LOAD ./Drivers/STM32F4xx_HAL_Driver/Src/stm32f4xx_hal_dma_ex.o
LOAD ./Drivers/STM32F4xx_HAL_Driver/Src/stm32f4xx_hal_exti.o
LOAD ./Drivers/STM32F4xx_HAL_Driver/Src/stm32f4xx_hal_flash.o
LOAD ./Drivers/STM32F4xx_HAL_Driver/Src/stm32f4xx_hal_flash_ex.o
LOAD ./Drivers/STM32F4xx_HAL_Driver/Src/stm32f4xx_hal_flash_ramfunc.o
LOAD ./Drivers/STM32F4xx_HAL_Driver/Src/stm32f4xx_hal_gpio.o
LOAD ./Drivers/STM32F4xx_HAL_Driver/Src/stm32f4xx_hal_i2c.o
LOAD ./Drivers/STM32F4xx_HAL_Driver/Src/stm32f4xx_hal_i2c_ex.o
LOAD ./Drivers/STM32F4xx_HAL_Driver/Src/stm32f4xx_hal_pcd.o
LOAD ./Drivers/STM32F4xx_HAL_Driver/Src/stm32f4xx_hal_pcd_ex.o
LOAD ./Drivers/STM32F4xx_HAL_Driver/Src/stm32f4xx_hal_pwr.o
LOAD ./Drivers/STM32F4xx_HAL_Driver/Src/stm32f4xx_hal_pwr_ex.o
LOAD ./Drivers/STM32F4xx_HAL_Driver/Src/stm32f4xx_hal_rcc.o
LOAD ./Drivers/STM32F4xx_HAL_Driver/Src/stm32f4xx_hal_rcc_ex.o
LOAD ./Drivers/STM32F4xx_HAL_Driver/Src/stm32f4xx_hal_tim.o
LOAD ./Drivers/STM32F4xx_HAL_Driver/Src/stm32f4xx_hal_tim_ex.o
LOAD ./Drivers/STM32F4xx_HAL_Driver/Src/stm32f4xx_hal_uart.o
LOAD ./Drivers/STM32F4xx_HAL_Driver/Src/stm32f4xx_ll_adc.o
LOAD ./Drivers/STM32F4xx_HAL_Driver/Src/stm32f4xx_ll_usb.o
LOAD ./Middlewares/ST/STM32_USB_Device_Library/Class/CDC/Src/usbd_cdc.o
LOAD ./Middlewares/ST/STM32_USB_Device_Library/Core/Src/usbd_core.o
LOAD ./Middlewares/ST/STM32_USB_Device_Library/Core/Src/usbd_ctlreq.o
LOAD ./Middlewares/ST/STM32_USB_Device_Library/Core/Src/usbd_ioreq.o
LOAD ./USB_DEVICE/App/usb_device.o
LOAD ./USB_DEVICE/App/usbd_cdc_if.o
LOAD ./USB_DEVICE/App/usbd_desc.o
LOAD ./USB_DEVICE/Target/usbd_conf.o
START GROUP
LOAD C:/ST/STM32CubeIDE_1.16.1/STM32CubeIDE/plugins/com.st.stm32cube.ide.mcu.externaltools.gnu-tools-for-stm32.12.3.rel1.win32_1.0.200.202406191623/tools/bin/../lib/gcc/arm-none-eabi/12.3.1/../../../../arm-none-eabi/lib/thumb/v7e-m+fp/hard\libc_nano.a
LOAD C:/ST/STM32CubeIDE_1.16.1/STM32CubeIDE/plugins/com.st.stm32cube.ide.mcu.externaltools.gnu-tools-for-stm32.12.3.rel1.win32_1.0.200.202406191623/tools/bin/../lib/gcc/arm-none-eabi/12.3.1/../../../../arm-none-eabi/lib/thumb/v7e-m+fp/hard\libm.a
END GROUP
START GROUP
LOAD C:/ST/STM32CubeIDE_1.16.1/STM32CubeIDE/plugins/com.st.stm32cube.ide.mcu.externaltools.gnu-tools-for-stm32.12.3.rel1.win32_1.0.200.202406191623/tools/bin/../lib/gcc/arm-none-eabi/12.3.1/thumb/v7e-m+fp/hard\libgcc.a
LOAD C:/ST/STM32CubeIDE_1.16.1/STM32CubeIDE/plugins/com.st.stm32cube.ide.mcu.externaltools.gnu-tools-for-stm32.12.3.rel1.win32_1.0.200.202406191623/tools/bin/../lib/gcc/arm-none-eabi/12.3.1/../../../../arm-none-eabi/lib/thumb/v7e-m+fp/hard\libc_nano.a
END GROUP
START GROUP
LOAD C:/ST/STM32CubeIDE_1.16.1/STM32CubeIDE/plugins/com.st.stm32cube.ide.mcu.externaltools.gnu-tools-for-stm32.12.3.rel1.win32_1.0.200.202406191623/tools/bin/../lib/gcc/arm-none-eabi/12.3.1/thumb/v7e-m+fp/hard\libgcc.a
LOAD C:/ST/STM32CubeIDE_1.16.1/STM32CubeIDE/plugins/com.st.stm32cube.ide.mcu.externaltools.gnu-tools-for-stm32.12.3.rel1.win32_1.0.200.202406191623/tools/bin/../lib/gcc/arm-none-eabi/12.3.1/../../../../arm-none-eabi/lib/thumb/v7e-m+fp/hard\libc_nano.a
LOAD C:/ST/STM32CubeIDE_1.16.1/STM32CubeIDE/plugins/com.st.stm32cube.ide.mcu.externaltools.gnu-tools-for-stm32.12.3.rel1.win32_1.0.200.202406191623/tools/bin/../lib/gcc/arm-none-eabi/12.3.1/../../../../arm-none-eabi/lib/thumb/v7e-m+fp/hard\libnosys.a
END GROUP
START GROUP
LOAD C:/ST/STM32CubeIDE_1.16.1/STM32CubeIDE/plugins/com.st.stm32cube.ide.mcu.externaltools.gnu-tools-for-stm32.12.3.rel1.win32_1.0.200.202406191623/tools/bin/../lib/gcc/arm-none-eabi/12.3.1/thumb/v7e-m+fp/hard\libgcc.a
LOAD C:/ST/STM32CubeIDE_1.16.1/STM32CubeIDE/plugins/com.st.stm32cube.ide.mcu.externaltools.gnu-tools-for-stm32.12.3.rel1.win32_1.0.200.202406191623/tools/bin/../lib/gcc/arm-none-eabi/12.3.1/../../../../arm-none-eabi/lib/thumb/v7e-m+fp/hard\libc_nano.a
LOAD C:/ST/STM32CubeIDE_1.16.1/STM32CubeIDE/plugins/com.st.stm32cube.ide.mcu.externaltools.gnu-tools-for-stm32.12.3.rel1.win32_1.0.200.202406191623/tools/bin/../lib/gcc/arm-none-eabi/12.3.1/../../../../arm-none-eabi/lib/thumb/v7e-m+fp/hard\libnosys.a
END GROUP
LOAD C:/ST/STM32CubeIDE_1.16.1/STM32CubeIDE/plugins/com.st.stm32cube.ide.mcu.externaltools.gnu-tools-for-stm32.12.3.rel1.win32_1.0.200.202406191623/tools/bin/../lib/gcc/arm-none-eabi/12.3.1/thumb/v7e-m+fp/hard/crtend.o
LOAD C:/ST/STM32CubeIDE_1.16.1/STM32CubeIDE/plugins/com.st.stm32cube.ide.mcu.externaltools.gnu-tools-for-stm32.12.3.rel1.win32_1.0.200.202406191623/tools/bin/../lib/gcc/arm-none-eabi/12.3.1/thumb/v7e-m+fp/hard/crtn.o
                0x20020000                        _estack = (ORIGIN (RAM) + LENGTH (RAM))
                0x00000200                        _Min_Heap_Size = 0x200
                0x00000400                        _Min_Stack_Size = 0x400

.isr_vector     0x08000000      0x188
                0x08000000                        . = ALIGN (0x4)
 *(.isr_vector)
 .isr_vector    0x08000000      0x188 ./Core/Startup/startup_stm32f407vgtx.o
                0x08000000                g_pfnVectors
                0x08000188                        . = ALIGN (0x4)

.text           0x08000188     0x4930
                0x08000188                        . = ALIGN (0x4)
 *(.text)
 .text          0x08000188       0x40 C:/ST/STM32CubeIDE_1.16.1/STM32CubeIDE/plugins/com.st.stm32cube.ide.mcu.externaltools.gnu-tools-for-stm32.12.3.rel1.win32_1.0.200.202406191623/tools/bin/../lib/gcc/arm-none-eabi/12.3.1/thumb/v7e-m+fp/hard/crtbegin.o
 .text          0x080001c8       0x10 C:/ST/STM32CubeIDE_1.16.1/STM32CubeIDE/plugins/com.st.stm32cube.ide.mcu.externaltools.gnu-tools-for-stm32.12.3.rel1.win32_1.0.200.202406191623/tools/bin/../lib/gcc/arm-none-eabi/12.3.1/../../../../arm-none-eabi/lib/thumb/v7e-m+fp/hard\libc_nano.a(libc_a-strlen.o)
                0x080001c8                strlen
 .text          0x080001d8       0x30 C:/ST/STM32CubeIDE_1.16.1/STM32CubeIDE/plugins/com.st.stm32cube.ide.mcu.externaltools.gnu-tools-for-stm32.12.3.rel1.win32_1.0.200.202406191623/tools/bin/../lib/gcc/arm-none-eabi/12.3.1/thumb/v7e-m+fp/hard\libgcc.a(_aeabi_uldivmod.o)
                0x080001d8                __aeabi_uldivmod
 .text          0x08000208      0x2bc C:/ST/STM32CubeIDE_1.16.1/STM32CubeIDE/plugins/com.st.stm32cube.ide.mcu.externaltools.gnu-tools-for-stm32.12.3.rel1.win32_1.0.200.202406191623/tools/bin/../lib/gcc/arm-none-eabi/12.3.1/thumb/v7e-m+fp/hard\libgcc.a(_udivmoddi4.o)
                0x08000208                __udivmoddi4
 .text          0x080004c4        0x4 C:/ST/STM32CubeIDE_1.16.1/STM32CubeIDE/plugins/com.st.stm32cube.ide.mcu.externaltools.gnu-tools-for-stm32.12.3.rel1.win32_1.0.200.202406191623/tools/bin/../lib/gcc/arm-none-eabi/12.3.1/thumb/v7e-m+fp/hard\libgcc.a(_dvmd_tls.o)
                0x080004c4                __aeabi_idiv0
                0x080004c4                __aeabi_ldiv0
 *(.text*)
 .text.updatePhaseIncrement
                0x080004c8       0x28 ./Core/Src/main.o
                0x080004c8                updatePhaseIncrement
 .text.SystemClock_Config
                0x080004f0       0xa4 ./Core/Src/main.o
                0x080004f0                SystemClock_Config
 .text.startup.main
                0x08000594      0x434 ./Core/Src/main.o
                0x08000594                main
 .text.Error_Handler
                0x080009c8        0x4 ./Core/Src/main.o
                0x080009c8                Error_Handler
 .text.HAL_MspInit
                0x080009cc       0x3c ./Core/Src/stm32f4xx_hal_msp.o
                0x080009cc                HAL_MspInit
 .text.HAL_ADC_MspInit
                0x08000a08       0xa8 ./Core/Src/stm32f4xx_hal_msp.o
                0x08000a08                HAL_ADC_MspInit
 .text.HAL_DAC_MspInit
                0x08000ab0       0xbc ./Core/Src/stm32f4xx_hal_msp.o
                0x08000ab0                HAL_DAC_MspInit
 .text.HAL_I2C_MspInit
                0x08000b6c       0x70 ./Core/Src/stm32f4xx_hal_msp.o
                0x08000b6c                HAL_I2C_MspInit
 .text.HAL_TIM_Base_MspInit
                0x08000bdc       0x70 ./Core/Src/stm32f4xx_hal_msp.o
                0x08000bdc                HAL_TIM_Base_MspInit
 .text.HAL_UART_MspInit
                0x08000c4c       0x9c ./Core/Src/stm32f4xx_hal_msp.o
                0x08000c4c                HAL_UART_MspInit
 .text.NMI_Handler
                0x08000ce8        0x2 ./Core/Src/stm32f4xx_it.o
                0x08000ce8                NMI_Handler
 .text.HardFault_Handler
                0x08000cea        0x2 ./Core/Src/stm32f4xx_it.o
                0x08000cea                HardFault_Handler
 .text.MemManage_Handler
                0x08000cec        0x2 ./Core/Src/stm32f4xx_it.o
                0x08000cec                MemManage_Handler
 .text.BusFault_Handler
                0x08000cee        0x2 ./Core/Src/stm32f4xx_it.o
                0x08000cee                BusFault_Handler
 .text.UsageFault_Handler
                0x08000cf0        0x2 ./Core/Src/stm32f4xx_it.o
                0x08000cf0                UsageFault_Handler
 .text.SVC_Handler
                0x08000cf2        0x2 ./Core/Src/stm32f4xx_it.o
                0x08000cf2                SVC_Handler
 .text.DebugMon_Handler
                0x08000cf4        0x2 ./Core/Src/stm32f4xx_it.o
                0x08000cf4                DebugMon_Handler
 .text.PendSV_Handler
                0x08000cf6        0x2 ./Core/Src/stm32f4xx_it.o
                0x08000cf6                PendSV_Handler
 .text.SysTick_Handler
                0x08000cf8        0x4 ./Core/Src/stm32f4xx_it.o
                0x08000cf8                SysTick_Handler
 .text.DMA1_Stream5_IRQHandler
                0x08000cfc        0xc ./Core/Src/stm32f4xx_it.o
                0x08000cfc                DMA1_Stream5_IRQHandler
 .text.TIM2_IRQHandler
                0x08000d08        0xc ./Core/Src/stm32f4xx_it.o
                0x08000d08                TIM2_IRQHandler
 .text.TIM6_DAC_IRQHandler
                0x08000d14       0x1c ./Core/Src/stm32f4xx_it.o
                0x08000d14                TIM6_DAC_IRQHandler
 .text.DMA2_Stream0_IRQHandler
                0x08000d30        0xc ./Core/Src/stm32f4xx_it.o
                0x08000d30                DMA2_Stream0_IRQHandler
 .text.OTG_FS_IRQHandler
                0x08000d3c        0xc ./Core/Src/stm32f4xx_it.o
                0x08000d3c                OTG_FS_IRQHandler
 .text.SystemInit
                0x08000d48       0x14 ./Core/Src/system_stm32f4xx.o
                0x08000d48                SystemInit
 .text.Reset_Handler
                0x08000d5c       0x50 ./Core/Startup/startup_stm32f407vgtx.o
                0x08000d5c                Reset_Handler
 .text.Default_Handler
                0x08000dac        0x2 ./Core/Startup/startup_stm32f407vgtx.o
                0x08000dac                RTC_Alarm_IRQHandler
                0x08000dac                HASH_RNG_IRQHandler
                0x08000dac                EXTI2_IRQHandler
                0x08000dac                TIM8_CC_IRQHandler
                0x08000dac                TIM1_CC_IRQHandler
                0x08000dac                DMA2_Stream5_IRQHandler
                0x08000dac                PVD_IRQHandler
                0x08000dac                SDIO_IRQHandler
                0x08000dac                TAMP_STAMP_IRQHandler
                0x08000dac                CAN2_RX1_IRQHandler
                0x08000dac                EXTI3_IRQHandler
                0x08000dac                TIM8_TRG_COM_TIM14_IRQHandler
                0x08000dac                TIM1_UP_TIM10_IRQHandler
                0x08000dac                TIM8_UP_TIM13_IRQHandler
                0x08000dac                I2C3_ER_IRQHandler
                0x08000dac                EXTI0_IRQHandler
                0x08000dac                I2C2_EV_IRQHandler
                0x08000dac                DMA1_Stream2_IRQHandler
                0x08000dac                CAN1_RX0_IRQHandler
                0x08000dac                FPU_IRQHandler
                0x08000dac                OTG_HS_WKUP_IRQHandler
                0x08000dac                CAN2_SCE_IRQHandler
                0x08000dac                DMA2_Stream2_IRQHandler
                0x08000dac                SPI1_IRQHandler
                0x08000dac                TIM1_BRK_TIM9_IRQHandler
                0x08000dac                DCMI_IRQHandler
                0x08000dac                CAN2_RX0_IRQHandler
                0x08000dac                DMA2_Stream3_IRQHandler
                0x08000dac                USART6_IRQHandler
                0x08000dac                USART3_IRQHandler
                0x08000dac                CAN1_RX1_IRQHandler
                0x08000dac                UART5_IRQHandler
                0x08000dac                TIM4_IRQHandler
                0x08000dac                I2C1_EV_IRQHandler
                0x08000dac                DMA1_Stream6_IRQHandler
                0x08000dac                DMA1_Stream1_IRQHandler
                0x08000dac                UART4_IRQHandler
                0x08000dac                TIM3_IRQHandler
                0x08000dac                RCC_IRQHandler
                0x08000dac                TIM8_BRK_TIM12_IRQHandler
                0x08000dac                Default_Handler
                0x08000dac                EXTI15_10_IRQHandler
                0x08000dac                ADC_IRQHandler
                0x08000dac                DMA1_Stream7_IRQHandler
                0x08000dac                TIM7_IRQHandler
                0x08000dac                CAN2_TX_IRQHandler
                0x08000dac                TIM5_IRQHandler
                0x08000dac                DMA2_Stream7_IRQHandler
                0x08000dac                I2C3_EV_IRQHandler
                0x08000dac                EXTI9_5_IRQHandler
                0x08000dac                RTC_WKUP_IRQHandler
                0x08000dac                ETH_WKUP_IRQHandler
                0x08000dac                SPI2_IRQHandler
                0x08000dac                OTG_HS_EP1_IN_IRQHandler
                0x08000dac                DMA1_Stream0_IRQHandler
                0x08000dac                CAN1_TX_IRQHandler
                0x08000dac                EXTI4_IRQHandler
                0x08000dac                FSMC_IRQHandler
                0x08000dac                ETH_IRQHandler
                0x08000dac                OTG_HS_EP1_OUT_IRQHandler
                0x08000dac                WWDG_IRQHandler
                0x08000dac                OTG_FS_WKUP_IRQHandler
                0x08000dac                TIM1_TRG_COM_TIM11_IRQHandler
                0x08000dac                OTG_HS_IRQHandler
                0x08000dac                EXTI1_IRQHandler
                0x08000dac                USART2_IRQHandler
                0x08000dac                I2C2_ER_IRQHandler
                0x08000dac                DMA2_Stream1_IRQHandler
                0x08000dac                CAN1_SCE_IRQHandler
                0x08000dac                FLASH_IRQHandler
                0x08000dac                DMA2_Stream4_IRQHandler
                0x08000dac                USART1_IRQHandler
                0x08000dac                SPI3_IRQHandler
                0x08000dac                DMA1_Stream4_IRQHandler
                0x08000dac                I2C1_ER_IRQHandler
                0x08000dac                DMA2_Stream6_IRQHandler
                0x08000dac                DMA1_Stream3_IRQHandler
 *fill*         0x08000dae        0x2 
 .text.arm_sin_f32
                0x08000db0       0x84 ./Drivers/CMSIS/DSP_DRIVERS/Source/FastMathFunctions/arm_sin_f32.o
                0x08000db0                arm_sin_f32
 .text.HAL_InitTick
                0x08000e34       0x48 ./Drivers/STM32F4xx_HAL_Driver/Src/stm32f4xx_hal.o
                0x08000e34                HAL_InitTick
 .text.HAL_Init
                0x08000e7c       0x34 ./Drivers/STM32F4xx_HAL_Driver/Src/stm32f4xx_hal.o
                0x08000e7c                HAL_Init
 .text.HAL_IncTick
                0x08000eb0       0x18 ./Drivers/STM32F4xx_HAL_Driver/Src/stm32f4xx_hal.o
                0x08000eb0                HAL_IncTick
 .text.HAL_GetTick
                0x08000ec8        0xc ./Drivers/STM32F4xx_HAL_Driver/Src/stm32f4xx_hal.o
                0x08000ec8                HAL_GetTick
 .text.HAL_Delay
                0x08000ed4       0x28 ./Drivers/STM32F4xx_HAL_Driver/Src/stm32f4xx_hal.o
                0x08000ed4                HAL_Delay
 .text.HAL_ADC_Init
                0x08000efc      0x14c ./Drivers/STM32F4xx_HAL_Driver/Src/stm32f4xx_hal_adc.o
                0x08000efc                HAL_ADC_Init
 .text.HAL_ADC_ConfigChannel
                0x08001048      0x120 ./Drivers/STM32F4xx_HAL_Driver/Src/stm32f4xx_hal_adc.o
                0x08001048                HAL_ADC_ConfigChannel
 .text.HAL_NVIC_SetPriorityGrouping
                0x08001168       0x24 ./Drivers/STM32F4xx_HAL_Driver/Src/stm32f4xx_hal_cortex.o
                0x08001168                HAL_NVIC_SetPriorityGrouping
 .text.HAL_NVIC_SetPriority
                0x0800118c       0x64 ./Drivers/STM32F4xx_HAL_Driver/Src/stm32f4xx_hal_cortex.o
                0x0800118c                HAL_NVIC_SetPriority
 .text.HAL_NVIC_EnableIRQ
                0x080011f0       0x1c ./Drivers/STM32F4xx_HAL_Driver/Src/stm32f4xx_hal_cortex.o
                0x080011f0                HAL_NVIC_EnableIRQ
 .text.HAL_SYSTICK_Config
                0x0800120c       0x28 ./Drivers/STM32F4xx_HAL_Driver/Src/stm32f4xx_hal_cortex.o
                0x0800120c                HAL_SYSTICK_Config
 .text.HAL_DAC_Init
                0x08001234       0x26 ./Drivers/STM32F4xx_HAL_Driver/Src/stm32f4xx_hal_dac.o
                0x08001234                HAL_DAC_Init
 *fill*         0x0800125a        0x2 
 .text.HAL_DAC_Start_DMA
                0x0800125c       0xcc ./Drivers/STM32F4xx_HAL_Driver/Src/stm32f4xx_hal_dac.o
                0x0800125c                HAL_DAC_Start_DMA
 .text.HAL_DAC_ConvCpltCallbackCh1
                0x08001328        0x2 ./Drivers/STM32F4xx_HAL_Driver/Src/stm32f4xx_hal_dac.o
                0x08001328                HAL_DAC_ConvCpltCallbackCh1
 .text.DAC_DMAConvCpltCh1
                0x0800132a       0x10 ./Drivers/STM32F4xx_HAL_Driver/Src/stm32f4xx_hal_dac.o
                0x0800132a                DAC_DMAConvCpltCh1
 .text.HAL_DAC_ConvHalfCpltCallbackCh1
                0x0800133a        0x2 ./Drivers/STM32F4xx_HAL_Driver/Src/stm32f4xx_hal_dac.o
                0x0800133a                HAL_DAC_ConvHalfCpltCallbackCh1
 .text.DAC_DMAHalfConvCpltCh1
                0x0800133c        0xa ./Drivers/STM32F4xx_HAL_Driver/Src/stm32f4xx_hal_dac.o
                0x0800133c                DAC_DMAHalfConvCpltCh1
 .text.HAL_DAC_ErrorCallbackCh1
                0x08001346        0x2 ./Drivers/STM32F4xx_HAL_Driver/Src/stm32f4xx_hal_dac.o
                0x08001346                HAL_DAC_ErrorCallbackCh1
 .text.DAC_DMAErrorCh1
                0x08001348       0x18 ./Drivers/STM32F4xx_HAL_Driver/Src/stm32f4xx_hal_dac.o
                0x08001348                DAC_DMAErrorCh1
 .text.HAL_DAC_DMAUnderrunCallbackCh1
                0x08001360        0x2 ./Drivers/STM32F4xx_HAL_Driver/Src/stm32f4xx_hal_dac.o
                0x08001360                HAL_DAC_DMAUnderrunCallbackCh1
 .text.HAL_DAC_IRQHandler
                0x08001362       0x60 ./Drivers/STM32F4xx_HAL_Driver/Src/stm32f4xx_hal_dac.o
                0x08001362                HAL_DAC_IRQHandler
 .text.HAL_DAC_ConfigChannel
                0x080013c2       0x50 ./Drivers/STM32F4xx_HAL_Driver/Src/stm32f4xx_hal_dac.o
                0x080013c2                HAL_DAC_ConfigChannel
 .text.HAL_DACEx_ConvCpltCallbackCh2
                0x08001412        0x2 ./Drivers/STM32F4xx_HAL_Driver/Src/stm32f4xx_hal_dac_ex.o
                0x08001412                HAL_DACEx_ConvCpltCallbackCh2
 .text.HAL_DACEx_ConvHalfCpltCallbackCh2
                0x08001414        0x2 ./Drivers/STM32F4xx_HAL_Driver/Src/stm32f4xx_hal_dac_ex.o
                0x08001414                HAL_DACEx_ConvHalfCpltCallbackCh2
 .text.HAL_DACEx_ErrorCallbackCh2
                0x08001416        0x2 ./Drivers/STM32F4xx_HAL_Driver/Src/stm32f4xx_hal_dac_ex.o
                0x08001416                HAL_DACEx_ErrorCallbackCh2
 .text.HAL_DACEx_DMAUnderrunCallbackCh2
                0x08001418        0x2 ./Drivers/STM32F4xx_HAL_Driver/Src/stm32f4xx_hal_dac_ex.o
                0x08001418                HAL_DACEx_DMAUnderrunCallbackCh2
 .text.DAC_DMAConvCpltCh2
                0x0800141a       0x10 ./Drivers/STM32F4xx_HAL_Driver/Src/stm32f4xx_hal_dac_ex.o
                0x0800141a                DAC_DMAConvCpltCh2
 .text.DAC_DMAHalfConvCpltCh2
                0x0800142a        0xa ./Drivers/STM32F4xx_HAL_Driver/Src/stm32f4xx_hal_dac_ex.o
                0x0800142a                DAC_DMAHalfConvCpltCh2
 .text.DAC_DMAErrorCh2
                0x08001434       0x18 ./Drivers/STM32F4xx_HAL_Driver/Src/stm32f4xx_hal_dac_ex.o
                0x08001434                DAC_DMAErrorCh2
 .text.DMA_CalcBaseAndBitshift
                0x0800144c       0x2c ./Drivers/STM32F4xx_HAL_Driver/Src/stm32f4xx_hal_dma.o
 .text.HAL_DMA_Init
                0x08001478       0xfc ./Drivers/STM32F4xx_HAL_Driver/Src/stm32f4xx_hal_dma.o
                0x08001478                HAL_DMA_Init
 .text.HAL_DMA_Start_IT
                0x08001574       0x72 ./Drivers/STM32F4xx_HAL_Driver/Src/stm32f4xx_hal_dma.o
                0x08001574                HAL_DMA_Start_IT
 *fill*         0x080015e6        0x2 
 .text.HAL_DMA_IRQHandler
                0x080015e8      0x17c ./Drivers/STM32F4xx_HAL_Driver/Src/stm32f4xx_hal_dma.o
                0x080015e8                HAL_DMA_IRQHandler
 .text.HAL_GPIO_Init
                0x08001764      0x1b0 ./Drivers/STM32F4xx_HAL_Driver/Src/stm32f4xx_hal_gpio.o
                0x08001764                HAL_GPIO_Init
 .text.HAL_GPIO_WritePin
                0x08001914        0xa ./Drivers/STM32F4xx_HAL_Driver/Src/stm32f4xx_hal_gpio.o
                0x08001914                HAL_GPIO_WritePin
 *fill*         0x0800191e        0x2 
 .text.HAL_I2C_Init
                0x08001920      0x150 ./Drivers/STM32F4xx_HAL_Driver/Src/stm32f4xx_hal_i2c.o
                0x08001920                HAL_I2C_Init
 .text.HAL_PCD_Init
                0x08001a70       0xde ./Drivers/STM32F4xx_HAL_Driver/Src/stm32f4xx_hal_pcd.o
                0x08001a70                HAL_PCD_Init
 .text.HAL_PCD_Start
                0x08001b4e       0x3e ./Drivers/STM32F4xx_HAL_Driver/Src/stm32f4xx_hal_pcd.o
                0x08001b4e                HAL_PCD_Start
 .text.HAL_PCD_SetAddress
                0x08001b8c       0x26 ./Drivers/STM32F4xx_HAL_Driver/Src/stm32f4xx_hal_pcd.o
                0x08001b8c                HAL_PCD_SetAddress
 .text.HAL_PCD_EP_Open
                0x08001bb2       0x72 ./Drivers/STM32F4xx_HAL_Driver/Src/stm32f4xx_hal_pcd.o
                0x08001bb2                HAL_PCD_EP_Open
 .text.HAL_PCD_EP_Close
                0x08001c24       0x5c ./Drivers/STM32F4xx_HAL_Driver/Src/stm32f4xx_hal_pcd.o
                0x08001c24                HAL_PCD_EP_Close
 .text.HAL_PCD_EP_Receive
                0x08001c80       0x3c ./Drivers/STM32F4xx_HAL_Driver/Src/stm32f4xx_hal_pcd.o
                0x08001c80                HAL_PCD_EP_Receive
 .text.HAL_PCD_EP_GetRxCount
                0x08001cbc       0x10 ./Drivers/STM32F4xx_HAL_Driver/Src/stm32f4xx_hal_pcd.o
                0x08001cbc                HAL_PCD_EP_GetRxCount
 .text.HAL_PCD_EP_Transmit
                0x08001ccc       0x36 ./Drivers/STM32F4xx_HAL_Driver/Src/stm32f4xx_hal_pcd.o
                0x08001ccc                HAL_PCD_EP_Transmit
 .text.HAL_PCD_EP_SetStall
                0x08001d02       0x6e ./Drivers/STM32F4xx_HAL_Driver/Src/stm32f4xx_hal_pcd.o
                0x08001d02                HAL_PCD_EP_SetStall
 .text.HAL_PCD_EP_ClrStall
                0x08001d70       0x6a ./Drivers/STM32F4xx_HAL_Driver/Src/stm32f4xx_hal_pcd.o
                0x08001d70                HAL_PCD_EP_ClrStall
 .text.HAL_PCD_EP_Abort
                0x08001dda       0x20 ./Drivers/STM32F4xx_HAL_Driver/Src/stm32f4xx_hal_pcd.o
                0x08001dda                HAL_PCD_EP_Abort
 *fill*         0x08001dfa        0x2 
 .text.HAL_PCD_IRQHandler
                0x08001dfc      0x694 ./Drivers/STM32F4xx_HAL_Driver/Src/stm32f4xx_hal_pcd.o
                0x08001dfc                HAL_PCD_IRQHandler
 .text.HAL_PCDEx_SetTxFiFo
                0x08002490       0x3e ./Drivers/STM32F4xx_HAL_Driver/Src/stm32f4xx_hal_pcd_ex.o
                0x08002490                HAL_PCDEx_SetTxFiFo
 .text.HAL_PCDEx_SetRxFiFo
                0x080024ce        0x8 ./Drivers/STM32F4xx_HAL_Driver/Src/stm32f4xx_hal_pcd_ex.o
                0x080024ce                HAL_PCDEx_SetRxFiFo
 .text.HAL_PCDEx_LPM_Callback
                0x080024d6        0x2 ./Drivers/STM32F4xx_HAL_Driver/Src/stm32f4xx_hal_pcd_ex.o
                0x080024d6                HAL_PCDEx_LPM_Callback
 .text.HAL_RCC_OscConfig
                0x080024d8      0x35c ./Drivers/STM32F4xx_HAL_Driver/Src/stm32f4xx_hal_rcc.o
                0x080024d8                HAL_RCC_OscConfig
 .text.HAL_RCC_GetSysClockFreq
                0x08002834       0x5c ./Drivers/STM32F4xx_HAL_Driver/Src/stm32f4xx_hal_rcc.o
                0x08002834                HAL_RCC_GetSysClockFreq
 .text.HAL_RCC_ClockConfig
                0x08002890      0x134 ./Drivers/STM32F4xx_HAL_Driver/Src/stm32f4xx_hal_rcc.o
                0x08002890                HAL_RCC_ClockConfig
 .text.HAL_RCC_GetHCLKFreq
                0x080029c4        0xc ./Drivers/STM32F4xx_HAL_Driver/Src/stm32f4xx_hal_rcc.o
                0x080029c4                HAL_RCC_GetHCLKFreq
 .text.HAL_RCC_GetPCLK1Freq
                0x080029d0       0x20 ./Drivers/STM32F4xx_HAL_Driver/Src/stm32f4xx_hal_rcc.o
                0x080029d0                HAL_RCC_GetPCLK1Freq
 .text.HAL_RCC_GetPCLK2Freq
                0x080029f0       0x20 ./Drivers/STM32F4xx_HAL_Driver/Src/stm32f4xx_hal_rcc.o
                0x080029f0                HAL_RCC_GetPCLK2Freq
 .text.HAL_TIM_Base_Start
                0x08002a10       0x6c ./Drivers/STM32F4xx_HAL_Driver/Src/stm32f4xx_hal_tim.o
                0x08002a10                HAL_TIM_Base_Start
 .text.HAL_TIM_PeriodElapsedCallback
                0x08002a7c        0x2 ./Drivers/STM32F4xx_HAL_Driver/Src/stm32f4xx_hal_tim.o
                0x08002a7c                HAL_TIM_PeriodElapsedCallback
 .text.HAL_TIM_OC_DelayElapsedCallback
                0x08002a7e        0x2 ./Drivers/STM32F4xx_HAL_Driver/Src/stm32f4xx_hal_tim.o
                0x08002a7e                HAL_TIM_OC_DelayElapsedCallback
 .text.HAL_TIM_IC_CaptureCallback
                0x08002a80        0x2 ./Drivers/STM32F4xx_HAL_Driver/Src/stm32f4xx_hal_tim.o
                0x08002a80                HAL_TIM_IC_CaptureCallback
 .text.HAL_TIM_PWM_PulseFinishedCallback
                0x08002a82        0x2 ./Drivers/STM32F4xx_HAL_Driver/Src/stm32f4xx_hal_tim.o
                0x08002a82                HAL_TIM_PWM_PulseFinishedCallback
 .text.HAL_TIM_TriggerCallback
                0x08002a84        0x2 ./Drivers/STM32F4xx_HAL_Driver/Src/stm32f4xx_hal_tim.o
                0x08002a84                HAL_TIM_TriggerCallback
 .text.HAL_TIM_IRQHandler
                0x08002a86      0x128 ./Drivers/STM32F4xx_HAL_Driver/Src/stm32f4xx_hal_tim.o
                0x08002a86                HAL_TIM_IRQHandler
 *fill*         0x08002bae        0x2 
 .text.TIM_Base_SetConfig
                0x08002bb0       0xd8 ./Drivers/STM32F4xx_HAL_Driver/Src/stm32f4xx_hal_tim.o
                0x08002bb0                TIM_Base_SetConfig
 .text.HAL_TIM_Base_Init
                0x08002c88       0x58 ./Drivers/STM32F4xx_HAL_Driver/Src/stm32f4xx_hal_tim.o
                0x08002c88                HAL_TIM_Base_Init
 .text.TIM_ETR_SetConfig
                0x08002ce0       0x14 ./Drivers/STM32F4xx_HAL_Driver/Src/stm32f4xx_hal_tim.o
                0x08002ce0                TIM_ETR_SetConfig
 .text.HAL_TIM_ConfigClockSource
                0x08002cf4      0x132 ./Drivers/STM32F4xx_HAL_Driver/Src/stm32f4xx_hal_tim.o
                0x08002cf4                HAL_TIM_ConfigClockSource
 *fill*         0x08002e26        0x2 
 .text.HAL_TIMEx_MasterConfigSynchronization
                0x08002e28       0x7c ./Drivers/STM32F4xx_HAL_Driver/Src/stm32f4xx_hal_tim_ex.o
                0x08002e28                HAL_TIMEx_MasterConfigSynchronization
 .text.HAL_TIMEx_CommutCallback
                0x08002ea4        0x2 ./Drivers/STM32F4xx_HAL_Driver/Src/stm32f4xx_hal_tim_ex.o
                0x08002ea4                HAL_TIMEx_CommutCallback
 .text.HAL_TIMEx_BreakCallback
                0x08002ea6        0x2 ./Drivers/STM32F4xx_HAL_Driver/Src/stm32f4xx_hal_tim_ex.o
                0x08002ea6                HAL_TIMEx_BreakCallback
 .text.UART_SetConfig
                0x08002ea8       0xbc ./Drivers/STM32F4xx_HAL_Driver/Src/stm32f4xx_hal_uart.o
 .text.HAL_UART_Init
                0x08002f64       0x5e ./Drivers/STM32F4xx_HAL_Driver/Src/stm32f4xx_hal_uart.o
                0x08002f64                HAL_UART_Init
 .text.USB_CoreReset
                0x08002fc2       0x46 ./Drivers/STM32F4xx_HAL_Driver/Src/stm32f4xx_ll_usb.o
 .text.USB_CoreInit
                0x08003008       0x88 ./Drivers/STM32F4xx_HAL_Driver/Src/stm32f4xx_ll_usb.o
                0x08003008                USB_CoreInit
 .text.USB_SetTurnaroundTime
                0x08003090       0xe0 ./Drivers/STM32F4xx_HAL_Driver/Src/stm32f4xx_ll_usb.o
                0x08003090                USB_SetTurnaroundTime
 .text.USB_EnableGlobalInt
                0x08003170        0xc ./Drivers/STM32F4xx_HAL_Driver/Src/stm32f4xx_ll_usb.o
                0x08003170                USB_EnableGlobalInt
 .text.USB_DisableGlobalInt
                0x0800317c        0xc ./Drivers/STM32F4xx_HAL_Driver/Src/stm32f4xx_ll_usb.o
                0x0800317c                USB_DisableGlobalInt
 .text.USB_SetCurrentMode
                0x08003188       0x60 ./Drivers/STM32F4xx_HAL_Driver/Src/stm32f4xx_ll_usb.o
                0x08003188                USB_SetCurrentMode
 .text.USB_FlushTxFifo
                0x080031e8       0x46 ./Drivers/STM32F4xx_HAL_Driver/Src/stm32f4xx_ll_usb.o
                0x080031e8                USB_FlushTxFifo
 .text.USB_FlushRxFifo
                0x0800322e       0x42 ./Drivers/STM32F4xx_HAL_Driver/Src/stm32f4xx_ll_usb.o
                0x0800322e                USB_FlushRxFifo
 .text.USB_SetDevSpeed
                0x08003270        0xe ./Drivers/STM32F4xx_HAL_Driver/Src/stm32f4xx_ll_usb.o
                0x08003270                USB_SetDevSpeed
 *fill*         0x0800327e        0x2 
 .text.USB_DevInit
                0x08003280      0x174 ./Drivers/STM32F4xx_HAL_Driver/Src/stm32f4xx_ll_usb.o
                0x08003280                USB_DevInit
 .text.USB_GetDevSpeed
                0x080033f4       0x16 ./Drivers/STM32F4xx_HAL_Driver/Src/stm32f4xx_ll_usb.o
                0x080033f4                USB_GetDevSpeed
 .text.USB_ActivateEndpoint
                0x0800340a       0x7e ./Drivers/STM32F4xx_HAL_Driver/Src/stm32f4xx_ll_usb.o
                0x0800340a                USB_ActivateEndpoint
 .text.USB_DeactivateEndpoint
                0x08003488       0xac ./Drivers/STM32F4xx_HAL_Driver/Src/stm32f4xx_ll_usb.o
                0x08003488                USB_DeactivateEndpoint
 .text.USB_EPStopXfer
                0x08003534       0x84 ./Drivers/STM32F4xx_HAL_Driver/Src/stm32f4xx_ll_usb.o
                0x08003534                USB_EPStopXfer
 .text.USB_WritePacket
                0x080035b8       0x26 ./Drivers/STM32F4xx_HAL_Driver/Src/stm32f4xx_ll_usb.o
                0x080035b8                USB_WritePacket
 *fill*         0x080035de        0x2 
 .text.USB_EPStartXfer
                0x080035e0      0x204 ./Drivers/STM32F4xx_HAL_Driver/Src/stm32f4xx_ll_usb.o
                0x080035e0                USB_EPStartXfer
 .text.USB_ReadPacket
                0x080037e4       0x40 ./Drivers/STM32F4xx_HAL_Driver/Src/stm32f4xx_ll_usb.o
                0x080037e4                USB_ReadPacket
 .text.USB_EPSetStall
                0x08003824       0x56 ./Drivers/STM32F4xx_HAL_Driver/Src/stm32f4xx_ll_usb.o
                0x08003824                USB_EPSetStall
 .text.USB_EPClearStall
                0x0800387a       0x52 ./Drivers/STM32F4xx_HAL_Driver/Src/stm32f4xx_ll_usb.o
                0x0800387a                USB_EPClearStall
 .text.USB_SetDevAddress
                0x080038cc       0x20 ./Drivers/STM32F4xx_HAL_Driver/Src/stm32f4xx_ll_usb.o
                0x080038cc                USB_SetDevAddress
 .text.USB_DevConnect
                0x080038ec       0x1c ./Drivers/STM32F4xx_HAL_Driver/Src/stm32f4xx_ll_usb.o
                0x080038ec                USB_DevConnect
 .text.USB_DevDisconnect
                0x08003908       0x1c ./Drivers/STM32F4xx_HAL_Driver/Src/stm32f4xx_ll_usb.o
                0x08003908                USB_DevDisconnect
 .text.USB_ReadInterrupts
                0x08003924        0x8 ./Drivers/STM32F4xx_HAL_Driver/Src/stm32f4xx_ll_usb.o
                0x08003924                USB_ReadInterrupts
 .text.USB_ReadDevAllOutEpInterrupt
                0x0800392c       0x10 ./Drivers/STM32F4xx_HAL_Driver/Src/stm32f4xx_ll_usb.o
                0x0800392c                USB_ReadDevAllOutEpInterrupt
 .text.USB_ReadDevAllInEpInterrupt
                0x0800393c       0x10 ./Drivers/STM32F4xx_HAL_Driver/Src/stm32f4xx_ll_usb.o
                0x0800393c                USB_ReadDevAllInEpInterrupt
 .text.USB_ReadDevOutEPInterrupt
                0x0800394c       0x12 ./Drivers/STM32F4xx_HAL_Driver/Src/stm32f4xx_ll_usb.o
                0x0800394c                USB_ReadDevOutEPInterrupt
 .text.USB_ReadDevInEPInterrupt
                0x0800395e       0x22 ./Drivers/STM32F4xx_HAL_Driver/Src/stm32f4xx_ll_usb.o
                0x0800395e                USB_ReadDevInEPInterrupt
 .text.USB_GetMode
                0x08003980        0x8 ./Drivers/STM32F4xx_HAL_Driver/Src/stm32f4xx_ll_usb.o
                0x08003980                USB_GetMode
 .text.USB_ActivateSetup
                0x08003988       0x20 ./Drivers/STM32F4xx_HAL_Driver/Src/stm32f4xx_ll_usb.o
                0x08003988                USB_ActivateSetup
 .text.USB_EP0_OutStart
                0x080039a8       0x4c ./Drivers/STM32F4xx_HAL_Driver/Src/stm32f4xx_ll_usb.o
                0x080039a8                USB_EP0_OutStart
 .text.USBD_CDC_EP0_RxReady
                0x080039f4       0x38 ./Middlewares/ST/STM32_USB_Device_Library/Class/CDC/Src/usbd_cdc.o
 .text.USBD_CDC_GetDeviceQualifierDescriptor
                0x08003a2c        0xc ./Middlewares/ST/STM32_USB_Device_Library/Class/CDC/Src/usbd_cdc.o
                0x08003a2c                USBD_CDC_GetDeviceQualifierDescriptor
 .text.USBD_CDC_GetFSCfgDesc
                0x08003a38       0x48 ./Middlewares/ST/STM32_USB_Device_Library/Class/CDC/Src/usbd_cdc.o
 .text.USBD_CDC_GetOtherSpeedCfgDesc
                0x08003a80        0x4 ./Middlewares/ST/STM32_USB_Device_Library/Class/CDC/Src/usbd_cdc.o
 .text.USBD_CDC_GetHSCfgDesc
                0x08003a84       0x48 ./Middlewares/ST/STM32_USB_Device_Library/Class/CDC/Src/usbd_cdc.o
 .text.USBD_CDC_DataOut
                0x08003acc       0x38 ./Middlewares/ST/STM32_USB_Device_Library/Class/CDC/Src/usbd_cdc.o
 .text.USBD_CDC_DataIn
                0x08003b04       0x64 ./Middlewares/ST/STM32_USB_Device_Library/Class/CDC/Src/usbd_cdc.o
 .text.USBD_CDC_Setup
                0x08003b68       0xf0 ./Middlewares/ST/STM32_USB_Device_Library/Class/CDC/Src/usbd_cdc.o
 .text.USBD_CDC_DeInit
                0x08003c58       0x5a ./Middlewares/ST/STM32_USB_Device_Library/Class/CDC/Src/usbd_cdc.o
 .text.USBD_CDC_Init
                0x08003cb2       0xc6 ./Middlewares/ST/STM32_USB_Device_Library/Class/CDC/Src/usbd_cdc.o
 .text.USBD_CDC_RegisterInterface
                0x08003d78       0x16 ./Middlewares/ST/STM32_USB_Device_Library/Class/CDC/Src/usbd_cdc.o
                0x08003d78                USBD_CDC_RegisterInterface
 .text.USBD_CDC_SetTxBuffer
                0x08003d8e       0x1c ./Middlewares/ST/STM32_USB_Device_Library/Class/CDC/Src/usbd_cdc.o
                0x08003d8e                USBD_CDC_SetTxBuffer
 .text.USBD_CDC_SetRxBuffer
                0x08003daa       0x18 ./Middlewares/ST/STM32_USB_Device_Library/Class/CDC/Src/usbd_cdc.o
                0x08003daa                USBD_CDC_SetRxBuffer
 .text.USBD_CDC_ReceivePacket
                0x08003dc2       0x2c ./Middlewares/ST/STM32_USB_Device_Library/Class/CDC/Src/usbd_cdc.o
                0x08003dc2                USBD_CDC_ReceivePacket
 .text.USBD_Init
                0x08003dee       0x26 ./Middlewares/ST/STM32_USB_Device_Library/Core/Src/usbd_core.o
                0x08003dee                USBD_Init
 .text.USBD_RegisterClass
                0x08003e14       0x32 ./Middlewares/ST/STM32_USB_Device_Library/Core/Src/usbd_core.o
                0x08003e14                USBD_RegisterClass
 .text.USBD_Start
                0x08003e46        0x4 ./Middlewares/ST/STM32_USB_Device_Library/Core/Src/usbd_core.o
                0x08003e46                USBD_Start
 .text.USBD_SetClassConfig
                0x08003e4a        0xe ./Middlewares/ST/STM32_USB_Device_Library/Core/Src/usbd_core.o
                0x08003e4a                USBD_SetClassConfig
 .text.USBD_ClrClassConfig
                0x08003e58       0x12 ./Middlewares/ST/STM32_USB_Device_Library/Core/Src/usbd_core.o
                0x08003e58                USBD_ClrClassConfig
 .text.USBD_LL_SetupStage
                0x08003e6a       0x60 ./Middlewares/ST/STM32_USB_Device_Library/Core/Src/usbd_core.o
                0x08003e6a                USBD_LL_SetupStage
 .text.USBD_LL_DataOutStage
                0x08003eca       0x6a ./Middlewares/ST/STM32_USB_Device_Library/Core/Src/usbd_core.o
                0x08003eca                USBD_LL_DataOutStage
 .text.USBD_LL_DataInStage
                0x08003f34       0xa6 ./Middlewares/ST/STM32_USB_Device_Library/Core/Src/usbd_core.o
                0x08003f34                USBD_LL_DataInStage
 .text.USBD_LL_Reset
                0x08003fda       0x5e ./Middlewares/ST/STM32_USB_Device_Library/Core/Src/usbd_core.o
                0x08003fda                USBD_LL_Reset
 .text.USBD_LL_SetSpeed
                0x08004038        0x6 ./Middlewares/ST/STM32_USB_Device_Library/Core/Src/usbd_core.o
                0x08004038                USBD_LL_SetSpeed
 .text.USBD_LL_Suspend
                0x0800403e       0x1c ./Middlewares/ST/STM32_USB_Device_Library/Core/Src/usbd_core.o
                0x0800403e                USBD_LL_Suspend
 .text.USBD_LL_Resume
                0x0800405a       0x16 ./Middlewares/ST/STM32_USB_Device_Library/Core/Src/usbd_core.o
                0x0800405a                USBD_LL_Resume
 .text.USBD_LL_SOF
                0x08004070       0x1a ./Middlewares/ST/STM32_USB_Device_Library/Core/Src/usbd_core.o
                0x08004070                USBD_LL_SOF
 .text.USBD_LL_IsoINIncomplete
                0x0800408a       0x26 ./Middlewares/ST/STM32_USB_Device_Library/Core/Src/usbd_core.o
                0x0800408a                USBD_LL_IsoINIncomplete
 .text.USBD_LL_IsoOUTIncomplete
                0x080040b0       0x26 ./Middlewares/ST/STM32_USB_Device_Library/Core/Src/usbd_core.o
                0x080040b0                USBD_LL_IsoOUTIncomplete
 .text.USBD_LL_DevConnected
                0x080040d6        0x4 ./Middlewares/ST/STM32_USB_Device_Library/Core/Src/usbd_core.o
                0x080040d6                USBD_LL_DevConnected
 .text.USBD_LL_DevDisconnected
                0x080040da       0x20 ./Middlewares/ST/STM32_USB_Device_Library/Core/Src/usbd_core.o
                0x080040da                USBD_LL_DevDisconnected
 .text.USBD_CoreFindIF
                0x080040fa        0x4 ./Middlewares/ST/STM32_USB_Device_Library/Core/Src/usbd_core.o
                0x080040fa                USBD_CoreFindIF
 .text.USBD_CoreFindEP
                0x080040fe        0x4 ./Middlewares/ST/STM32_USB_Device_Library/Core/Src/usbd_core.o
                0x080040fe                USBD_CoreFindEP
 .text.USBD_GetEpDesc
                0x08004102       0x24 ./Middlewares/ST/STM32_USB_Device_Library/Core/Src/usbd_core.o
                0x08004102                USBD_GetEpDesc
 .text.USBD_CtlError.constprop.0
                0x08004126       0x16 ./Middlewares/ST/STM32_USB_Device_Library/Core/Src/usbd_ctlreq.o
 .text.USBD_StdDevReq
                0x0800413c      0x28c ./Middlewares/ST/STM32_USB_Device_Library/Core/Src/usbd_ctlreq.o
                0x0800413c                USBD_StdDevReq
 .text.USBD_StdItfReq
                0x080043c8       0x5a ./Middlewares/ST/STM32_USB_Device_Library/Core/Src/usbd_ctlreq.o
                0x080043c8                USBD_StdItfReq
 .text.USBD_StdEPReq
                0x08004422      0x13a ./Middlewares/ST/STM32_USB_Device_Library/Core/Src/usbd_ctlreq.o
                0x08004422                USBD_StdEPReq
 .text.USBD_ParseSetupRequest
                0x0800455c       0x16 ./Middlewares/ST/STM32_USB_Device_Library/Core/Src/usbd_ctlreq.o
                0x0800455c                USBD_ParseSetupRequest
 .text.USBD_CtlError
                0x08004572       0x16 ./Middlewares/ST/STM32_USB_Device_Library/Core/Src/usbd_ctlreq.o
                0x08004572                USBD_CtlError
 .text.USBD_GetString
                0x08004588       0x38 ./Middlewares/ST/STM32_USB_Device_Library/Core/Src/usbd_ctlreq.o
                0x08004588                USBD_GetString
 .text.USBD_CtlSendData
                0x080045c0       0x1a ./Middlewares/ST/STM32_USB_Device_Library/Core/Src/usbd_ioreq.o
                0x080045c0                USBD_CtlSendData
 .text.USBD_CtlContinueSendData
                0x080045da       0x10 ./Middlewares/ST/STM32_USB_Device_Library/Core/Src/usbd_ioreq.o
                0x080045da                USBD_CtlContinueSendData
 .text.USBD_CtlPrepareRx
                0x080045ea       0x1a ./Middlewares/ST/STM32_USB_Device_Library/Core/Src/usbd_ioreq.o
                0x080045ea                USBD_CtlPrepareRx
 .text.USBD_CtlContinueRx
                0x08004604       0x10 ./Middlewares/ST/STM32_USB_Device_Library/Core/Src/usbd_ioreq.o
                0x08004604                USBD_CtlContinueRx
 .text.USBD_CtlSendStatus
                0x08004614       0x16 ./Middlewares/ST/STM32_USB_Device_Library/Core/Src/usbd_ioreq.o
                0x08004614                USBD_CtlSendStatus
 .text.USBD_CtlReceiveStatus
                0x0800462a       0x16 ./Middlewares/ST/STM32_USB_Device_Library/Core/Src/usbd_ioreq.o
                0x0800462a                USBD_CtlReceiveStatus
 .text.MX_USB_DEVICE_Init
                0x08004640       0x50 ./USB_DEVICE/App/usb_device.o
                0x08004640                MX_USB_DEVICE_Init
 .text.CDC_DeInit_FS
                0x08004690        0x4 ./USB_DEVICE/App/usbd_cdc_if.o
 .text.CDC_Control_FS
                0x08004694        0x4 ./USB_DEVICE/App/usbd_cdc_if.o
 .text.CDC_TransmitCplt_FS
                0x08004698        0x4 ./USB_DEVICE/App/usbd_cdc_if.o
 .text.CDC_Receive_FS
                0x0800469c       0x1c ./USB_DEVICE/App/usbd_cdc_if.o
 .text.CDC_Init_FS
                0x080046b8       0x28 ./USB_DEVICE/App/usbd_cdc_if.o
 .text.USBD_FS_DeviceDescriptor
                0x080046e0        0xc ./USB_DEVICE/App/usbd_desc.o
                0x080046e0                USBD_FS_DeviceDescriptor
 .text.USBD_FS_LangIDStrDescriptor
                0x080046ec        0xc ./USB_DEVICE/App/usbd_desc.o
                0x080046ec                USBD_FS_LangIDStrDescriptor
 .text.IntToUnicode
                0x080046f8       0x2a ./USB_DEVICE/App/usbd_desc.o
 *fill*         0x08004722        0x2 
 .text.USBD_FS_SerialStrDescriptor
                0x08004724       0x3c ./USB_DEVICE/App/usbd_desc.o
                0x08004724                USBD_FS_SerialStrDescriptor
 .text.USBD_FS_ManufacturerStrDescriptor
                0x08004760       0x1c ./USB_DEVICE/App/usbd_desc.o
                0x08004760                USBD_FS_ManufacturerStrDescriptor
 .text.USBD_FS_ProductStrDescriptor
                0x0800477c       0x1c ./USB_DEVICE/App/usbd_desc.o
                0x0800477c                USBD_FS_ProductStrDescriptor
 .text.USBD_FS_ConfigStrDescriptor
                0x08004798       0x1c ./USB_DEVICE/App/usbd_desc.o
                0x08004798                USBD_FS_ConfigStrDescriptor
 .text.USBD_FS_InterfaceStrDescriptor
                0x080047b4       0x1c ./USB_DEVICE/App/usbd_desc.o
                0x080047b4                USBD_FS_InterfaceStrDescriptor
 .text.HAL_PCD_MspInit
                0x080047d0       0x90 ./USB_DEVICE/Target/usbd_conf.o
                0x080047d0                HAL_PCD_MspInit
 .text.HAL_PCD_SetupStageCallback
                0x08004860        0xc ./USB_DEVICE/Target/usbd_conf.o
                0x08004860                HAL_PCD_SetupStageCallback
 .text.HAL_PCD_DataOutStageCallback
                0x0800486c       0x12 ./USB_DEVICE/Target/usbd_conf.o
                0x0800486c                HAL_PCD_DataOutStageCallback
 .text.HAL_PCD_DataInStageCallback
                0x0800487e       0x10 ./USB_DEVICE/Target/usbd_conf.o
                0x0800487e                HAL_PCD_DataInStageCallback
 .text.HAL_PCD_SOFCallback
                0x0800488e        0x8 ./USB_DEVICE/Target/usbd_conf.o
                0x0800488e                HAL_PCD_SOFCallback
 .text.HAL_PCD_ResetCallback
                0x08004896       0x26 ./USB_DEVICE/Target/usbd_conf.o
                0x08004896                HAL_PCD_ResetCallback
 .text.HAL_PCD_SuspendCallback
                0x080048bc       0x30 ./USB_DEVICE/Target/usbd_conf.o
                0x080048bc                HAL_PCD_SuspendCallback
 .text.HAL_PCD_ResumeCallback
                0x080048ec        0x8 ./USB_DEVICE/Target/usbd_conf.o
                0x080048ec                HAL_PCD_ResumeCallback
 .text.HAL_PCD_ISOOUTIncompleteCallback
                0x080048f4        0x8 ./USB_DEVICE/Target/usbd_conf.o
                0x080048f4                HAL_PCD_ISOOUTIncompleteCallback
 .text.HAL_PCD_ISOINIncompleteCallback
                0x080048fc        0x8 ./USB_DEVICE/Target/usbd_conf.o
                0x080048fc                HAL_PCD_ISOINIncompleteCallback
 .text.HAL_PCD_ConnectCallback
                0x08004904        0x8 ./USB_DEVICE/Target/usbd_conf.o
                0x08004904                HAL_PCD_ConnectCallback
 .text.HAL_PCD_DisconnectCallback
                0x0800490c        0x8 ./USB_DEVICE/Target/usbd_conf.o
                0x0800490c                HAL_PCD_DisconnectCallback
 .text.USBD_LL_Init
                0x08004914       0x5c ./USB_DEVICE/Target/usbd_conf.o
                0x08004914                USBD_LL_Init
 .text.USBD_LL_IsStallEP
                0x08004970       0x24 ./USB_DEVICE/Target/usbd_conf.o